Archive member included to satisfy reference by file (symbol)

/usr/lib/x86_64-linux-gnu/libc_nonshared.a(stat.oS)
                              libcfdpP.o (stat)

Discarded input sections

 .note.GNU-stack
                0x0000000000000000        0x0 /usr/lib/gcc/x86_64-linux-gnu/5/../../../x86_64-linux-gnu/crti.o
 .note.GNU-stack
                0x0000000000000000        0x0 /usr/lib/gcc/x86_64-linux-gnu/5/crtbeginS.o
 .note.GNU-stack
                0x0000000000000000        0x0 libcfdp.o
 .note.GNU-stack
                0x0000000000000000        0x0 libcfdpP.o
 .note.GNU-stack
                0x0000000000000000        0x0 libcfdpops.o
 .note.GNU-stack
                0x0000000000000000        0x0 /usr/lib/x86_64-linux-gnu/libc_nonshared.a(stat.oS)
 .note.GNU-stack
                0x0000000000000000        0x0 /usr/lib/gcc/x86_64-linux-gnu/5/crtendS.o
 .note.GNU-stack
                0x0000000000000000        0x0 /usr/lib/gcc/x86_64-linux-gnu/5/../../../x86_64-linux-gnu/crtn.o

Memory Configuration

Name             Origin             Length             Attributes
*default*        0x0000000000000000 0xffffffffffffffff

Linker script and memory map

LOAD /usr/lib/gcc/x86_64-linux-gnu/5/../../../x86_64-linux-gnu/crti.o
LOAD /usr/lib/gcc/x86_64-linux-gnu/5/crtbeginS.o
LOAD libcfdp.o
LOAD libcfdpP.o
LOAD libcfdpops.o
LOAD /usr/lib/gcc/x86_64-linux-gnu/5/libgcc.a
LOAD /usr/lib/gcc/x86_64-linux-gnu/5/libgcc_s.so
LOAD /usr/lib/gcc/x86_64-linux-gnu/5/../../../x86_64-linux-gnu/libc.so
START GROUP
LOAD /lib/x86_64-linux-gnu/libc.so.6
LOAD /usr/lib/x86_64-linux-gnu/libc_nonshared.a
LOAD /lib/x86_64-linux-gnu/ld-linux-x86-64.so.2
END GROUP
LOAD /usr/lib/gcc/x86_64-linux-gnu/5/libgcc.a
LOAD /usr/lib/gcc/x86_64-linux-gnu/5/libgcc_s.so
LOAD /usr/lib/gcc/x86_64-linux-gnu/5/crtendS.o
LOAD /usr/lib/gcc/x86_64-linux-gnu/5/../../../x86_64-linux-gnu/crtn.o
                0x00000000000001c8                . = (0x0 + SIZEOF_HEADERS)

.note.gnu.build-id
                0x00000000000001c8       0x24
 *(.note.gnu.build-id)
 .note.gnu.build-id
                0x00000000000001c8       0x24 /usr/lib/gcc/x86_64-linux-gnu/5/../../../x86_64-linux-gnu/crti.o

.hash
 *(.hash)

.gnu.hash       0x00000000000001f0      0x2bc
 *(.gnu.hash)
 .gnu.hash      0x00000000000001f0      0x2bc /usr/lib/gcc/x86_64-linux-gnu/5/../../../x86_64-linux-gnu/crti.o

.dynsym         0x00000000000004b0     0x13c8
 *(.dynsym)
 .dynsym        0x00000000000004b0     0x13c8 /usr/lib/gcc/x86_64-linux-gnu/5/../../../x86_64-linux-gnu/crti.o

.dynstr         0x0000000000001878      0xb97
 *(.dynstr)
 .dynstr        0x0000000000001878      0xb97 /usr/lib/gcc/x86_64-linux-gnu/5/../../../x86_64-linux-gnu/crti.o

.gnu.version    0x0000000000002410      0x1a6
 *(.gnu.version)
 .gnu.version   0x0000000000002410      0x1a6 /usr/lib/gcc/x86_64-linux-gnu/5/../../../x86_64-linux-gnu/crti.o

.gnu.version_d  0x00000000000025b8        0x0
 *(.gnu.version_d)
 .gnu.version_d
                0x00000000000025b8        0x0 /usr/lib/gcc/x86_64-linux-gnu/5/../../../x86_64-linux-gnu/crti.o

.gnu.version_r  0x00000000000025b8       0x40
 *(.gnu.version_r)
 .gnu.version_r
                0x00000000000025b8       0x40 /usr/lib/gcc/x86_64-linux-gnu/5/../../../x86_64-linux-gnu/crti.o

.rela.dyn       0x00000000000025f8       0xc0
 *(.rela.init)
 *(.rela.text .rela.text.* .rela.gnu.linkonce.t.*)
 .rela.text     0x00000000000025f8        0x0 /usr/lib/gcc/x86_64-linux-gnu/5/../../../x86_64-linux-gnu/crti.o
 *(.rela.fini)
 *(.rela.rodata .rela.rodata.* .rela.gnu.linkonce.r.*)
 *(.rela.data .rela.data.* .rela.gnu.linkonce.d.*)
 .rela.data.rel.local
                0x00000000000025f8       0x18 /usr/lib/gcc/x86_64-linux-gnu/5/../../../x86_64-linux-gnu/crti.o
 *(.rela.tdata .rela.tdata.* .rela.gnu.linkonce.td.*)
 *(.rela.tbss .rela.tbss.* .rela.gnu.linkonce.tb.*)
 *(.rela.ctors)
 *(.rela.dtors)
 *(.rela.got)
 .rela.got      0x0000000000002610       0x78 /usr/lib/gcc/x86_64-linux-gnu/5/../../../x86_64-linux-gnu/crti.o
 *(.rela.bss .rela.bss.* .rela.gnu.linkonce.b.*)
 *(.rela.ldata .rela.ldata.* .rela.gnu.linkonce.l.*)
 *(.rela.lbss .rela.lbss.* .rela.gnu.linkonce.lb.*)
 *(.rela.lrodata .rela.lrodata.* .rela.gnu.linkonce.lr.*)
 *(.rela.ifunc)
 .rela.ifunc    0x0000000000002688        0x0 /usr/lib/gcc/x86_64-linux-gnu/5/../../../x86_64-linux-gnu/crti.o
 .rela.fini_array
                0x0000000000002688       0x18 /usr/lib/gcc/x86_64-linux-gnu/5/../../../x86_64-linux-gnu/crti.o
 .rela.init_array
                0x00000000000026a0       0x18 /usr/lib/gcc/x86_64-linux-gnu/5/../../../x86_64-linux-gnu/crti.o

.rela.plt       0x00000000000026b8      0xf48
 *(.rela.plt)
 .rela.plt      0x00000000000026b8      0xf48 /usr/lib/gcc/x86_64-linux-gnu/5/../../../x86_64-linux-gnu/crti.o
 *(.rela.iplt)

.init           0x0000000000003600       0x1a
 *(SORT(.init))
 .init          0x0000000000003600       0x15 /usr/lib/gcc/x86_64-linux-gnu/5/../../../x86_64-linux-gnu/crti.o
                0x0000000000003600                _init
 .init          0x0000000000003615        0x5 /usr/lib/gcc/x86_64-linux-gnu/5/../../../x86_64-linux-gnu/crtn.o

.plt            0x0000000000003620      0xa40
 *(.plt)
 .plt           0x0000000000003620      0xa40 /usr/lib/gcc/x86_64-linux-gnu/5/../../../x86_64-linux-gnu/crti.o
 *(.iplt)

.plt.got        0x0000000000004060       0x10
 *(.plt.got)
 .plt.got       0x0000000000004060       0x10 /usr/lib/gcc/x86_64-linux-gnu/5/../../../x86_64-linux-gnu/crti.o

.plt.bnd
 *(.plt.bnd)

.text           0x0000000000004070    0x14eb0
 *(.text.unlikely .text.*_unlikely .text.unlikely.*)
 .text.unlikely
                0x0000000000004070        0x0 /usr/lib/gcc/x86_64-linux-gnu/5/crtbeginS.o
 .text.unlikely
                0x0000000000004070        0x0 /usr/lib/x86_64-linux-gnu/libc_nonshared.a(stat.oS)
 *(.text.exit .text.exit.*)
 *(.text.startup .text.startup.*)
 *(.text.hot .text.hot.*)
 *(.text .stub .text.* .gnu.linkonce.t.*)
 .text          0x0000000000004070        0x0 /usr/lib/gcc/x86_64-linux-gnu/5/../../../x86_64-linux-gnu/crti.o
 .text          0x0000000000004070      0x100 /usr/lib/gcc/x86_64-linux-gnu/5/crtbeginS.o
 .text          0x0000000000004170     0x5e40 libcfdp.o
                0x0000000000004170                cfdp_attach
                0x0000000000004180                cfdp_entity_is_started
                0x00000000000041b7                cfdp_detach
                0x00000000000041d2                cfdp_compress_number
                0x0000000000004299                cfdp_decompress_number
                0x0000000000004364                cfdp_update_checksum
                0x00000000000044af                cfdp_read_space_packets
                0x00000000000046a4                cfdp_read_text_lines
                0x0000000000004857                cfdp_create_usrmsg_list
                0x0000000000004873                cfdp_add_usrmsg
                0x0000000000004b62                cfdp_get_usrmsg
                0x0000000000004e07                cfdp_destroy_usrmsg_list
                0x0000000000004ebd                cfdp_create_fsreq_list
                0x0000000000004edc                cfdp_add_fsreq
                0x00000000000051a7                cfdp_get_fsreq
                0x00000000000054b2                cfdp_destroy_fsreq_list
                0x0000000000005568                cfdp_get_fsresp
                0x0000000000005926                cfdp_destroy_fsresp_list
                0x00000000000059dc                cfdp_working_directory
                0x0000000000006a7b                createFDU
                0x0000000000007cff                cfdp_put
                0x0000000000007d68                cfdp_cancel
                0x0000000000008032                cfdp_suspend
                0x0000000000008415                cfdp_resume
                0x0000000000008920                cfdp_report
                0x00000000000089c0                cfdp_get_event
                0x000000000000987e                cfdp_interrupt
                0x00000000000098b1                cfdp_preview
                0x0000000000009c5b                cfdp_map
 .text          0x0000000000009fb0     0xba0b libcfdpP.o
                0x000000000000a0e2                checkFile
                0x000000000000a1ee                addToChecksum
                0x000000000000a28a                getReqNbr
                0x000000000000a824                cfdpInit
                0x000000000000ad6b                cfdpDropVdb
                0x000000000000ae81                cfdpRaiseVdb
                0x000000000000aeeb                getCfdpDbObject
                0x000000000000aefb                getCfdpConstants
                0x000000000000af0b                getCfdpVdb
                0x000000000000af1b                _cfdpStart
                0x000000000000b01d                _cfdpStop
                0x000000000000b26f                cfdpAttach
                0x000000000000b41b                cfdpDetach
                0x000000000000b45d                createMetadataList
                0x000000000000b582                destroyUsrmsgList
                0x000000000000b756                destroyFsreqList
                0x000000000000b952                destroyFsrespList
                0x000000000000bb76                cfdpScrub
                0x000000000000bd22                addFsResp
                0x000000000000c1a6                findEntity
                0x000000000000c247                addEntity
                0x000000000000c625                changeEntity
                0x000000000000c924                removeEntity
                0x000000000000cac5                findOutFdu
                0x000000000000ceb2                findInFdu
                0x000000000000d222                suspendOutFdu
                0x000000000000d3e4                cancelOutFdu
                0x000000000000d5f2                destroyOutFdu
                0x000000000000db79                destroyInFdu
                0x000000000000fdfa                completeInFdu
                0x00000000000102f6                enqueueCfdpEvent
                0x000000000001058a                handleFault
                0x00000000000113ae                cfdpDequeueOutboundPdu
                0x00000000000150d9                cfdpHandleInboundPdu
 .text          0x00000000000159bb     0x354d libcfdpops.o
                0x00000000000159bb                parseProxyPutRequest
                0x0000000000015b2f                parseProxyMsgToUser
                0x0000000000015ce8                parseProxyFilestoreRequest
                0x0000000000016034                parseProxyFaultHandlerOverride
                0x0000000000016085                parseProxyTransmissionMode
                0x00000000000160b8                parseProxyFlowLabel
                0x0000000000016124                parseProxySegmentationControl
                0x0000000000016157                parseProxyClosureRequest
                0x000000000001618a                parseProxyPutResponse
                0x00000000000161ed                parseProxyFilestoreResponse
                0x0000000000016602                parseOriginatingTransactionId
                0x000000000001690e                handleProxyPutRequest
                0x0000000000016b35                handleProxyPutCancel
                0x0000000000016ccb                cfdp_rput
                0x0000000000017f00                cfdp_rput_cancel
                0x00000000000181a3                cfdp_get
                0x000000000001821c                parseDirectoryListingRequest
                0x00000000000182fe                parseDirectoryListingResponse
                0x0000000000018776                handleDirectoryListingRequest
                0x0000000000018a08                cfdp_rls
 *fill*         0x0000000000018f08        0x8 
 .text          0x0000000000018f10       0x10 /usr/lib/x86_64-linux-gnu/libc_nonshared.a(stat.oS)
                0x0000000000018f10                __stat
                0x0000000000018f10                stat
 .text          0x0000000000018f20        0x0 /usr/lib/gcc/x86_64-linux-gnu/5/crtendS.o
 .text          0x0000000000018f20        0x0 /usr/lib/gcc/x86_64-linux-gnu/5/../../../x86_64-linux-gnu/crtn.o
 *(.gnu.warning)

.fini           0x0000000000018f20        0x9
 *(SORT(.fini))
 .fini          0x0000000000018f20        0x4 /usr/lib/gcc/x86_64-linux-gnu/5/../../../x86_64-linux-gnu/crti.o
                0x0000000000018f20                _fini
 .fini          0x0000000000018f24        0x5 /usr/lib/gcc/x86_64-linux-gnu/5/../../../x86_64-linux-gnu/crtn.o
                [!provide]                        PROVIDE (__etext, .)
                [!provide]                        PROVIDE (_etext, .)
                [!provide]                        PROVIDE (etext, .)

.rodata         0x0000000000018f40     0x2432
 *(.rodata .rodata.* .gnu.linkonce.r.*)
 .rodata        0x0000000000018f40      0xcae libcfdp.o
 *fill*         0x0000000000019bee       0x12 
 .rodata        0x0000000000019c00     0x1200 libcfdpP.o
 .rodata        0x000000000001ae00      0x572 libcfdpops.o

.rodata1
 *(.rodata1)

.eh_frame_hdr   0x000000000001b374      0x484
 *(.eh_frame_hdr)
 .eh_frame_hdr  0x000000000001b374      0x484 libcfdp.o
                0x000000000001b374                __GNU_EH_FRAME_HDR
 *(.eh_frame_entry .eh_frame_entry.*)

.eh_frame       0x000000000001b7f8     0x1224
 *(.eh_frame)
 .eh_frame      0x000000000001b7f8       0x40 /usr/lib/gcc/x86_64-linux-gnu/5/../../../x86_64-linux-gnu/crti.o
 .eh_frame      0x000000000001b838      0x480 libcfdp.o
                                        0x498 (size before relaxing)
 .eh_frame      0x000000000001bcb8      0xa80 libcfdpP.o
                                        0xa88 (size before relaxing)
 .eh_frame      0x000000000001c738      0x2c8 libcfdpops.o
                                        0x2e0 (size before relaxing)
 .eh_frame      0x000000000001ca00       0x18 /usr/lib/x86_64-linux-gnu/libc_nonshared.a(stat.oS)
                                         0x30 (size before relaxing)
 .eh_frame      0x000000000001ca18        0x4 /usr/lib/gcc/x86_64-linux-gnu/5/crtendS.o
 *(.eh_frame.*)

.gcc_except_table
 *(.gcc_except_table .gcc_except_table.*)

.gnu_extab
 *(.gnu_extab*)

.exception_ranges
 *(.exception_ranges .exception_ranges*)
                0x000000000021ce00                . = DATA_SEGMENT_ALIGN (0x200000, 0x1000)

.eh_frame
 *(.eh_frame)
 *(.eh_frame.*)

.gnu_extab
 *(.gnu_extab)

.gcc_except_table
 *(.gcc_except_table .gcc_except_table.*)

.exception_ranges
 *(.exception_ranges .exception_ranges*)

.tdata
 *(.tdata .tdata.* .gnu.linkonce.td.*)

.tbss
 *(.tbss .tbss.* .gnu.linkonce.tb.*)
 *(.tcommon)

.preinit_array
 *(.preinit_array)

.init_array     0x000000000021ce00        0x8
 *(SORT(.init_array.*) SORT(.ctors.*))
 *(.init_array EXCLUDE_FILE(*crtend?.o *crtend.o *crtbegin?.o *crtbegin.o) .ctors)
 .init_array    0x000000000021ce00        0x8 /usr/lib/gcc/x86_64-linux-gnu/5/crtbeginS.o

.fini_array     0x000000000021ce08        0x8
 *(SORT(.fini_array.*) SORT(.dtors.*))
 *(.fini_array EXCLUDE_FILE(*crtend?.o *crtend.o *crtbegin?.o *crtbegin.o) .dtors)
 .fini_array    0x000000000021ce08        0x8 /usr/lib/gcc/x86_64-linux-gnu/5/crtbeginS.o

.ctors
 *crtbegin.o(.ctors)
 *crtbegin?.o(.ctors)
 *(EXCLUDE_FILE(*crtend?.o *crtend.o) .ctors)
 *(SORT(.ctors.*))
 *(.ctors)

.dtors
 *crtbegin.o(.dtors)
 *crtbegin?.o(.dtors)
 *(EXCLUDE_FILE(*crtend?.o *crtend.o) .dtors)
 *(SORT(.dtors.*))
 *(.dtors)

.jcr            0x000000000021ce10        0x8
 *(.jcr)
 .jcr           0x000000000021ce10        0x0 /usr/lib/gcc/x86_64-linux-gnu/5/crtbeginS.o
 .jcr           0x000000000021ce10        0x8 /usr/lib/gcc/x86_64-linux-gnu/5/crtendS.o

.data.rel.ro
 *(.data.rel.ro.local* .gnu.linkonce.d.rel.ro.local.*)
 *(.data.rel.ro .data.rel.ro.* .gnu.linkonce.d.rel.ro.*)

.dynamic        0x000000000021ce18      0x1c0
 *(.dynamic)
 .dynamic       0x000000000021ce18      0x1c0 /usr/lib/gcc/x86_64-linux-gnu/5/../../../x86_64-linux-gnu/crti.o
                0x000000000021ce18                _DYNAMIC

.got            0x000000000021cfd8       0x28
 *(.got)
 .got           0x000000000021cfd8       0x28 /usr/lib/gcc/x86_64-linux-gnu/5/../../../x86_64-linux-gnu/crti.o
 *(.igot)
                0x000000000021dfe8                . = DATA_SEGMENT_RELRO_END (., (SIZEOF (.got.plt) >= 0x18)?0x18:0x0)

.got.plt        0x000000000021d000      0x530
 *(.got.plt)
 .got.plt       0x000000000021d000      0x530 /usr/lib/gcc/x86_64-linux-gnu/5/../../../x86_64-linux-gnu/crti.o
                0x000000000021d000                _GLOBAL_OFFSET_TABLE_
 *(.igot.plt)

.data           0x000000000021d530        0x8
 *(.data .data.* .gnu.linkonce.d.*)
 .data          0x000000000021d530        0x0 /usr/lib/gcc/x86_64-linux-gnu/5/../../../x86_64-linux-gnu/crti.o
 .data          0x000000000021d530        0x0 /usr/lib/gcc/x86_64-linux-gnu/5/crtbeginS.o
 .data.rel.local
                0x000000000021d530        0x8 /usr/lib/gcc/x86_64-linux-gnu/5/crtbeginS.o
                0x000000000021d530                __dso_handle
 .data          0x000000000021d538        0x0 libcfdp.o
 .data          0x000000000021d538        0x0 libcfdpP.o
 .data          0x000000000021d538        0x0 libcfdpops.o
 .data          0x000000000021d538        0x0 /usr/lib/x86_64-linux-gnu/libc_nonshared.a(stat.oS)
 .data          0x000000000021d538        0x0 /usr/lib/gcc/x86_64-linux-gnu/5/crtendS.o
 .data          0x000000000021d538        0x0 /usr/lib/gcc/x86_64-linux-gnu/5/../../../x86_64-linux-gnu/crtn.o

.tm_clone_table
                0x000000000021d538        0x0
 .tm_clone_table
                0x000000000021d538        0x0 /usr/lib/gcc/x86_64-linux-gnu/5/crtbeginS.o
 .tm_clone_table
                0x000000000021d538        0x0 /usr/lib/gcc/x86_64-linux-gnu/5/crtendS.o

.data1
 *(.data1)
                0x000000000021d538                _edata = .
                [!provide]                        PROVIDE (edata, .)
                0x000000000021d538                . = .
                0x000000000021d538                __bss_start = .

.bss            0x000000000021d540    0x60548
 *(.dynbss)
 .dynbss        0x000000000021d540        0x0 /usr/lib/gcc/x86_64-linux-gnu/5/../../../x86_64-linux-gnu/crti.o
 *(.bss .bss.* .gnu.linkonce.b.*)
 .bss           0x000000000021d540        0x0 /usr/lib/gcc/x86_64-linux-gnu/5/../../../x86_64-linux-gnu/crti.o
 .bss           0x000000000021d540        0x1 /usr/lib/gcc/x86_64-linux-gnu/5/crtbeginS.o
 *fill*         0x000000000021d541       0x1f 
 .bss           0x000000000021d560    0x3ffff libcfdp.o
 *fill*         0x000000000025d55f        0x1 
 .bss           0x000000000025d560    0x2051f libcfdpP.o
 *fill*         0x000000000027da7f        0x1 
 .bss           0x000000000027da80        0x8 libcfdpops.o
 .bss           0x000000000027da88        0x0 /usr/lib/x86_64-linux-gnu/libc_nonshared.a(stat.oS)
 .bss           0x000000000027da88        0x0 /usr/lib/gcc/x86_64-linux-gnu/5/crtendS.o
 .bss           0x000000000027da88        0x0 /usr/lib/gcc/x86_64-linux-gnu/5/../../../x86_64-linux-gnu/crtn.o
 *(COMMON)
                0x000000000027da88                . = ALIGN ((. != 0x0)?0x8:0x1)

.lbss
 *(.dynlbss)
 *(.lbss .lbss.* .gnu.linkonce.lb.*)
 *(LARGE_COMMON)
                0x000000000027da88                . = ALIGN (0x8)
                0x000000000027da88                . = SEGMENT_START ("ldata-segment", .)

.lrodata
 *(.lrodata .lrodata.* .gnu.linkonce.lr.*)

.ldata          0x000000000067da88        0x0
 *(.ldata .ldata.* .gnu.linkonce.l.*)
                0x000000000067da88                . = ALIGN ((. != 0x0)?0x8:0x1)
                0x000000000067da88                . = ALIGN (0x8)
                0x000000000067da88                _end = .
                [!provide]                        PROVIDE (end, .)
                0x000000000067da88                . = DATA_SEGMENT_END (.)

.stab
 *(.stab)

.stabstr
 *(.stabstr)

.stab.excl
 *(.stab.excl)

.stab.exclstr
 *(.stab.exclstr)

.stab.index
 *(.stab.index)

.stab.indexstr
 *(.stab.indexstr)

.comment        0x0000000000000000       0x34
 *(.comment)
 .comment       0x0000000000000000       0x34 /usr/lib/gcc/x86_64-linux-gnu/5/crtbeginS.o
                                         0x35 (size before relaxing)
 .comment       0x0000000000000034       0x35 libcfdp.o
 .comment       0x0000000000000034       0x35 libcfdpP.o
 .comment       0x0000000000000034       0x35 libcfdpops.o
 .comment       0x0000000000000034       0x35 /usr/lib/gcc/x86_64-linux-gnu/5/crtendS.o

.debug
 *(.debug)

.line
 *(.line)

.debug_srcinfo
 *(.debug_srcinfo)

.debug_sfnames
 *(.debug_sfnames)

.debug_aranges  0x0000000000000000       0x90
 *(.debug_aranges)
 .debug_aranges
                0x0000000000000000       0x30 libcfdp.o
 .debug_aranges
                0x0000000000000030       0x30 libcfdpP.o
 .debug_aranges
                0x0000000000000060       0x30 libcfdpops.o

.debug_pubnames
 *(.debug_pubnames)

.debug_info     0x0000000000000000     0x7dc8
 *(.debug_info .gnu.linkonce.wi.*)
 .debug_info    0x0000000000000000     0x24e6 libcfdp.o
 .debug_info    0x00000000000024e6     0x400e libcfdpP.o
 .debug_info    0x00000000000064f4     0x18d4 libcfdpops.o

.debug_abbrev   0x0000000000000000      0x7d2
 *(.debug_abbrev)
 .debug_abbrev  0x0000000000000000      0x2bb libcfdp.o
 .debug_abbrev  0x00000000000002bb      0x302 libcfdpP.o
 .debug_abbrev  0x00000000000005bd      0x215 libcfdpops.o

.debug_line     0x0000000000000000     0x2ce1
 *(.debug_line .debug_line.* .debug_line_end)
 .debug_line    0x0000000000000000      0xee0 libcfdp.o
 .debug_line    0x0000000000000ee0     0x16a8 libcfdpP.o
 .debug_line    0x0000000000002588      0x759 libcfdpops.o

.debug_frame
 *(.debug_frame)

.debug_str      0x0000000000000000     0x245c
 *(.debug_str)
 .debug_str     0x0000000000000000     0x13d4 libcfdp.o
                                       0x14f0 (size before relaxing)
 .debug_str     0x00000000000013d4      0xcfc libcfdpP.o
                                       0x1a62 (size before relaxing)
 .debug_str     0x00000000000020d0      0x38c libcfdpops.o
                                        0xff8 (size before relaxing)

.debug_loc
 *(.debug_loc)

.debug_macinfo
 *(.debug_macinfo)

.debug_weaknames
 *(.debug_weaknames)

.debug_funcnames
 *(.debug_funcnames)

.debug_typenames
 *(.debug_typenames)

.debug_varnames
 *(.debug_varnames)

.debug_pubtypes
 *(.debug_pubtypes)

.debug_ranges
 *(.debug_ranges)

.debug_macro
 *(.debug_macro)

.gnu.attributes
 *(.gnu.attributes)

/DISCARD/
 *(.note.GNU-stack)
 *(.gnu_debuglink)
 *(.gnu.lto_*)
OUTPUT(libcfdp.so elf64-x86-64)

Cross Reference Table

Symbol                                            File
GLIBC_2.10                                        /lib/x86_64-linux-gnu/libc.so.6
GLIBC_2.11                                        /lib/x86_64-linux-gnu/libc.so.6
GLIBC_2.12                                        /lib/x86_64-linux-gnu/libc.so.6
GLIBC_2.13                                        /lib/x86_64-linux-gnu/libc.so.6
GLIBC_2.14                                        /lib/x86_64-linux-gnu/libc.so.6
GLIBC_2.15                                        /lib/x86_64-linux-gnu/libc.so.6
GLIBC_2.16                                        /lib/x86_64-linux-gnu/libc.so.6
GLIBC_2.17                                        /lib/x86_64-linux-gnu/libc.so.6
GLIBC_2.18                                        /lib/x86_64-linux-gnu/libc.so.6
GLIBC_2.2.5                                       /lib/x86_64-linux-gnu/libc.so.6
GLIBC_2.2.6                                       /lib/x86_64-linux-gnu/libc.so.6
GLIBC_2.22                                        /lib/x86_64-linux-gnu/libc.so.6
GLIBC_2.23                                        /lib/x86_64-linux-gnu/libc.so.6
GLIBC_2.3                                         /lib/x86_64-linux-gnu/libc.so.6
GLIBC_2.3.2                                       /lib/x86_64-linux-gnu/libc.so.6
GLIBC_2.3.3                                       /lib/x86_64-linux-gnu/libc.so.6
GLIBC_2.3.4                                       /lib/x86_64-linux-gnu/libc.so.6
GLIBC_2.4                                         /lib/x86_64-linux-gnu/libc.so.6
GLIBC_2.5                                         /lib/x86_64-linux-gnu/libc.so.6
GLIBC_2.6                                         /lib/x86_64-linux-gnu/libc.so.6
GLIBC_2.7                                         /lib/x86_64-linux-gnu/libc.so.6
GLIBC_2.8                                         /lib/x86_64-linux-gnu/libc.so.6
GLIBC_2.9                                         /lib/x86_64-linux-gnu/libc.so.6
GLIBC_PRIVATE                                     /lib/x86_64-linux-gnu/libc.so.6
Psm_catlg                                         libcfdpP.o
Psm_free                                          libcfdpP.o
Psm_uncatlg                                       libcfdpP.o
Psm_zalloc                                        libcfdpP.o
Sdr_catlg                                         libcfdpP.o
Sdr_free                                          libcfdpops.o
                                                  libcfdpP.o
                                                  libcfdp.o
Sdr_list_create                                   libcfdpP.o
                                                  libcfdp.o
Sdr_list_delete                                   libcfdpops.o
                                                  libcfdpP.o
                                                  libcfdp.o
Sdr_list_destroy                                  libcfdpops.o
                                                  libcfdpP.o
Sdr_list_insert_before                            libcfdpP.o
Sdr_list_insert_last                              libcfdpops.o
                                                  libcfdpP.o
                                                  libcfdp.o
Sdr_list_user_data_set                            libcfdpP.o
                                                  libcfdp.o
Sdr_malloc                                        libcfdpops.o
                                                  libcfdpP.o
                                                  libcfdp.o
Sdr_string_create                                 libcfdpops.o
                                                  libcfdpP.o
                                                  libcfdp.o
Sdr_write                                         libcfdpops.o
                                                  libcfdpP.o
                                                  libcfdp.o
_DYNAMIC                                          /usr/lib/gcc/x86_64-linux-gnu/5/../../../x86_64-linux-gnu/crti.o
_Exit                                             /lib/x86_64-linux-gnu/libc.so.6
_Exit@@GLIBC_2.2.5                                /lib/x86_64-linux-gnu/libc.so.6
_Exit@GLIBC_2.2.5                                 /lib/x86_64-linux-gnu/libc.so.6
_GLOBAL_OFFSET_TABLE_                             /usr/lib/gcc/x86_64-linux-gnu/5/../../../x86_64-linux-gnu/crti.o
                                                  /usr/lib/x86_64-linux-gnu/libc_nonshared.a(stat.oS)
                                                  libcfdpops.o
                                                  libcfdpP.o
                                                  libcfdp.o
                                                  /usr/lib/gcc/x86_64-linux-gnu/5/crtbeginS.o
_IO_fprintf                                       /lib/x86_64-linux-gnu/libc.so.6
_IO_fprintf@@GLIBC_2.2.5                          /lib/x86_64-linux-gnu/libc.so.6
_IO_fprintf@GLIBC_2.2.5                           /lib/x86_64-linux-gnu/libc.so.6
_ITM_deregisterTMCloneTable                       /usr/lib/gcc/x86_64-linux-gnu/5/crtbeginS.o
_ITM_registerTMCloneTable                         /usr/lib/gcc/x86_64-linux-gnu/5/crtbeginS.o
_Jv_RegisterClasses                               /usr/lib/gcc/x86_64-linux-gnu/5/crtbeginS.o
__GNU_EH_FRAME_HDR                                libcfdp.so
__TMC_END__                                       /usr/lib/gcc/x86_64-linux-gnu/5/crtendS.o
                                                  /usr/lib/gcc/x86_64-linux-gnu/5/crtbeginS.o
__after_morecore_hook                             /lib/x86_64-linux-gnu/libc.so.6
__after_morecore_hook@@GLIBC_2.2.5                /lib/x86_64-linux-gnu/libc.so.6
__after_morecore_hook@GLIBC_2.2.5                 /lib/x86_64-linux-gnu/libc.so.6
__close                                           /lib/x86_64-linux-gnu/libc.so.6
__close@@GLIBC_2.2.5                              /lib/x86_64-linux-gnu/libc.so.6
__close@GLIBC_2.2.5                               /lib/x86_64-linux-gnu/libc.so.6
__compat_bdflush                                  /lib/x86_64-linux-gnu/libc.so.6
__connect                                         /lib/x86_64-linux-gnu/libc.so.6
__connect@@GLIBC_2.2.5                            /lib/x86_64-linux-gnu/libc.so.6
__connect@GLIBC_2.2.5                             /lib/x86_64-linux-gnu/libc.so.6
__ctype_get_mb_cur_max                            /lib/x86_64-linux-gnu/libc.so.6
__ctype_get_mb_cur_max@@GLIBC_2.2.5               /lib/x86_64-linux-gnu/libc.so.6
__ctype_get_mb_cur_max@GLIBC_2.2.5                /lib/x86_64-linux-gnu/libc.so.6
__dso_handle                                      /usr/lib/gcc/x86_64-linux-gnu/5/crtbeginS.o
__fcntl                                           /lib/x86_64-linux-gnu/libc.so.6
__fcntl@@GLIBC_2.2.5                              /lib/x86_64-linux-gnu/libc.so.6
__fcntl@GLIBC_2.2.5                               /lib/x86_64-linux-gnu/libc.so.6
__free_hook                                       /lib/x86_64-linux-gnu/libc.so.6
__free_hook@@GLIBC_2.2.5                          /lib/x86_64-linux-gnu/libc.so.6
__free_hook@GLIBC_2.2.5                           /lib/x86_64-linux-gnu/libc.so.6
__getdelim                                        /lib/x86_64-linux-gnu/libc.so.6
__getdelim@@GLIBC_2.2.5                           /lib/x86_64-linux-gnu/libc.so.6
__getdelim@GLIBC_2.2.5                            /lib/x86_64-linux-gnu/libc.so.6
__gmon_start__                                    /usr/lib/gcc/x86_64-linux-gnu/5/../../../x86_64-linux-gnu/crti.o
__isascii_l                                       /lib/x86_64-linux-gnu/libc.so.6
__isascii_l@@GLIBC_2.2.5                          /lib/x86_64-linux-gnu/libc.so.6
__isascii_l@GLIBC_2.2.5                           /lib/x86_64-linux-gnu/libc.so.6
__libc_enable_secure@GLIBC_PRIVATE                /lib/x86_64-linux-gnu/libc.so.6
__libc_secure_getenv                              /lib/x86_64-linux-gnu/libc.so.6
__libc_secure_getenv@@GLIBC_PRIVATE               /lib/x86_64-linux-gnu/libc.so.6
__libc_secure_getenv@GLIBC_PRIVATE                /lib/x86_64-linux-gnu/libc.so.6
__lseek                                           /lib/x86_64-linux-gnu/libc.so.6
__lseek@@GLIBC_2.2.5                              /lib/x86_64-linux-gnu/libc.so.6
__lseek@GLIBC_2.2.5                               /lib/x86_64-linux-gnu/libc.so.6
__malloc_hook                                     /lib/x86_64-linux-gnu/libc.so.6
__malloc_hook@@GLIBC_2.2.5                        /lib/x86_64-linux-gnu/libc.so.6
__malloc_hook@GLIBC_2.2.5                         /lib/x86_64-linux-gnu/libc.so.6
__malloc_initialize_hook                          /lib/x86_64-linux-gnu/libc.so.6
__malloc_initialize_hook@@GLIBC_2.2.5             /lib/x86_64-linux-gnu/libc.so.6
__malloc_initialize_hook@GLIBC_2.2.5              /lib/x86_64-linux-gnu/libc.so.6
__memalign_hook                                   /lib/x86_64-linux-gnu/libc.so.6
__memalign_hook@@GLIBC_2.2.5                      /lib/x86_64-linux-gnu/libc.so.6
__memalign_hook@GLIBC_2.2.5                       /lib/x86_64-linux-gnu/libc.so.6
__memset_zero_constant_len_parameter              /lib/x86_64-linux-gnu/libc.so.6
__open                                            /lib/x86_64-linux-gnu/libc.so.6
__open64                                          /lib/x86_64-linux-gnu/libc.so.6
__open64@@GLIBC_2.2.5                             /lib/x86_64-linux-gnu/libc.so.6
__open64@GLIBC_2.2.5                              /lib/x86_64-linux-gnu/libc.so.6
__open@@GLIBC_2.2.5                               /lib/x86_64-linux-gnu/libc.so.6
__open@GLIBC_2.2.5                                /lib/x86_64-linux-gnu/libc.so.6
__poll                                            /lib/x86_64-linux-gnu/libc.so.6
__poll@@GLIBC_2.2.5                               /lib/x86_64-linux-gnu/libc.so.6
__poll@GLIBC_2.2.5                                /lib/x86_64-linux-gnu/libc.so.6
__pread64                                         /lib/x86_64-linux-gnu/libc.so.6
__pread64@@GLIBC_2.2.5                            /lib/x86_64-linux-gnu/libc.so.6
__pread64@GLIBC_2.2.5                             /lib/x86_64-linux-gnu/libc.so.6
__pwrite64                                        /lib/x86_64-linux-gnu/libc.so.6
__pwrite64@@GLIBC_2.2.5                           /lib/x86_64-linux-gnu/libc.so.6
__pwrite64@GLIBC_2.2.5                            /lib/x86_64-linux-gnu/libc.so.6
__read                                            /lib/x86_64-linux-gnu/libc.so.6
__read@@GLIBC_2.2.5                               /lib/x86_64-linux-gnu/libc.so.6
__read@GLIBC_2.2.5                                /lib/x86_64-linux-gnu/libc.so.6
__realloc_hook                                    /lib/x86_64-linux-gnu/libc.so.6
__realloc_hook@@GLIBC_2.2.5                       /lib/x86_64-linux-gnu/libc.so.6
__realloc_hook@GLIBC_2.2.5                        /lib/x86_64-linux-gnu/libc.so.6
__recv                                            /lib/x86_64-linux-gnu/libc.so.6
__recv@@GLIBC_PRIVATE                             /lib/x86_64-linux-gnu/libc.so.6
__recv@GLIBC_PRIVATE                              /lib/x86_64-linux-gnu/libc.so.6
__secure_getenv@GLIBC_2.2.5                       /lib/x86_64-linux-gnu/libc.so.6
__send                                            /lib/x86_64-linux-gnu/libc.so.6
__send@@GLIBC_2.2.5                               /lib/x86_64-linux-gnu/libc.so.6
__send@GLIBC_2.2.5                                /lib/x86_64-linux-gnu/libc.so.6
__sigaction                                       /lib/x86_64-linux-gnu/libc.so.6
__sigaction@@GLIBC_2.2.5                          /lib/x86_64-linux-gnu/libc.so.6
__sigaction@GLIBC_2.2.5                           /lib/x86_64-linux-gnu/libc.so.6
__stat                                            /usr/lib/x86_64-linux-gnu/libc_nonshared.a(stat.oS)
__strtoll_l                                       /lib/x86_64-linux-gnu/libc.so.6
__strtoll_l@@GLIBC_2.2.5                          /lib/x86_64-linux-gnu/libc.so.6
__strtoll_l@GLIBC_2.2.5                           /lib/x86_64-linux-gnu/libc.so.6
__strtoull_l                                      /lib/x86_64-linux-gnu/libc.so.6
__strtoull_l@@GLIBC_2.2.5                         /lib/x86_64-linux-gnu/libc.so.6
__strtoull_l@GLIBC_2.2.5                          /lib/x86_64-linux-gnu/libc.so.6
__tls_get_addr@GLIBC_2.3                          /lib/x86_64-linux-gnu/libc.so.6
__toascii_l                                       /lib/x86_64-linux-gnu/libc.so.6
__toascii_l@@GLIBC_2.2.5                          /lib/x86_64-linux-gnu/libc.so.6
__toascii_l@GLIBC_2.2.5                           /lib/x86_64-linux-gnu/libc.so.6
__vsnprintf                                       /lib/x86_64-linux-gnu/libc.so.6
__vsnprintf@@GLIBC_2.2.5                          /lib/x86_64-linux-gnu/libc.so.6
__vsnprintf@GLIBC_2.2.5                           /lib/x86_64-linux-gnu/libc.so.6
__vsscanf                                         /lib/x86_64-linux-gnu/libc.so.6
__vsscanf@@GLIBC_2.2.5                            /lib/x86_64-linux-gnu/libc.so.6
__vsscanf@GLIBC_2.2.5                             /lib/x86_64-linux-gnu/libc.so.6
__wait                                            /lib/x86_64-linux-gnu/libc.so.6
__wait@@GLIBC_2.2.5                               /lib/x86_64-linux-gnu/libc.so.6
__wait@GLIBC_2.2.5                                /lib/x86_64-linux-gnu/libc.so.6
__wcstoll_l                                       /lib/x86_64-linux-gnu/libc.so.6
__wcstoll_l@@GLIBC_2.2.5                          /lib/x86_64-linux-gnu/libc.so.6
__wcstoll_l@GLIBC_2.2.5                           /lib/x86_64-linux-gnu/libc.so.6
__wcstoull_l                                      /lib/x86_64-linux-gnu/libc.so.6
__wcstoull_l@@GLIBC_2.2.5                         /lib/x86_64-linux-gnu/libc.so.6
__wcstoull_l@GLIBC_2.2.5                          /lib/x86_64-linux-gnu/libc.so.6
__write                                           /lib/x86_64-linux-gnu/libc.so.6
__write@@GLIBC_2.2.5                              /lib/x86_64-linux-gnu/libc.so.6
__write@GLIBC_2.2.5                               /lib/x86_64-linux-gnu/libc.so.6
__xpg_sigpause                                    /lib/x86_64-linux-gnu/libc.so.6
__xpg_sigpause@@GLIBC_2.2.5                       /lib/x86_64-linux-gnu/libc.so.6
__xpg_sigpause@GLIBC_2.2.5                        /lib/x86_64-linux-gnu/libc.so.6
_cfdpStart                                        libcfdpP.o
_cfdpStop                                         libcfdpP.o
_dl_argv@GLIBC_PRIVATE                            /lib/x86_64-linux-gnu/libc.so.6
_dl_find_dso_for_object@GLIBC_PRIVATE             /lib/x86_64-linux-gnu/libc.so.6
_dl_starting_up                                   /lib/x86_64-linux-gnu/libc.so.6
_environ                                          /lib/x86_64-linux-gnu/libc.so.6
_environ@@GLIBC_2.2.5                             /lib/x86_64-linux-gnu/libc.so.6
_environ@GLIBC_2.2.5                              /lib/x86_64-linux-gnu/libc.so.6
_fini                                             /usr/lib/gcc/x86_64-linux-gnu/5/../../../x86_64-linux-gnu/crti.o
_flushlbf                                         /lib/x86_64-linux-gnu/libc.so.6
_flushlbf@@GLIBC_2.2.5                            /lib/x86_64-linux-gnu/libc.so.6
_flushlbf@GLIBC_2.2.5                             /lib/x86_64-linux-gnu/libc.so.6
_iEnd                                             libcfdpops.o
                                                  libcfdpP.o
                                                  libcfdp.o
_init                                             /usr/lib/gcc/x86_64-linux-gnu/5/../../../x86_64-linux-gnu/crti.o
_isprintf                                         libcfdpops.o
                                                  libcfdpP.o
                                                  libcfdp.o
_longjmp                                          /lib/x86_64-linux-gnu/libc.so.6
_longjmp@@GLIBC_2.2.5                             /lib/x86_64-linux-gnu/libc.so.6
_longjmp@GLIBC_2.2.5                              /lib/x86_64-linux-gnu/libc.so.6
_putErrmsg                                        libcfdpops.o
                                                  libcfdpP.o
                                                  libcfdp.o
_putSysErrmsg                                     libcfdpops.o
                                                  libcfdpP.o
                                                  libcfdp.o
_rtld_global@GLIBC_PRIVATE                        /lib/x86_64-linux-gnu/libc.so.6
_rtld_global_ro@GLIBC_PRIVATE                     /lib/x86_64-linux-gnu/libc.so.6
accept                                            /lib/x86_64-linux-gnu/libc.so.6
accept@@GLIBC_2.2.5                               /lib/x86_64-linux-gnu/libc.so.6
accept@GLIBC_2.2.5                                /lib/x86_64-linux-gnu/libc.so.6
access                                            /lib/x86_64-linux-gnu/libc.so.6
access@@GLIBC_2.2.5                               /lib/x86_64-linux-gnu/libc.so.6
access@GLIBC_2.2.5                                /lib/x86_64-linux-gnu/libc.so.6
addEntity                                         libcfdpP.o
addFsResp                                         libcfdpP.o
addToChecksum                                     libcfdpP.o
                                                  libcfdp.o
addmntent                                         /lib/x86_64-linux-gnu/libc.so.6
addmntent@@GLIBC_2.2.5                            /lib/x86_64-linux-gnu/libc.so.6
addmntent@GLIBC_2.2.5                             /lib/x86_64-linux-gnu/libc.so.6
addseverity                                       /lib/x86_64-linux-gnu/libc.so.6
addseverity@@GLIBC_2.2.5                          /lib/x86_64-linux-gnu/libc.so.6
addseverity@GLIBC_2.2.5                           /lib/x86_64-linux-gnu/libc.so.6
adjtime                                           /lib/x86_64-linux-gnu/libc.so.6
adjtime@@GLIBC_2.2.5                              /lib/x86_64-linux-gnu/libc.so.6
adjtime@GLIBC_2.2.5                               /lib/x86_64-linux-gnu/libc.so.6
adjtimex                                          /lib/x86_64-linux-gnu/libc.so.6
adjtimex@@GLIBC_2.2.5                             /lib/x86_64-linux-gnu/libc.so.6
adjtimex@GLIBC_2.2.5                              /lib/x86_64-linux-gnu/libc.so.6
advance@GLIBC_2.2.5                               /lib/x86_64-linux-gnu/libc.so.6
aligned_alloc                                     /lib/x86_64-linux-gnu/libc.so.6
aligned_alloc@@GLIBC_2.16                         /lib/x86_64-linux-gnu/libc.so.6
aligned_alloc@GLIBC_2.16                          /lib/x86_64-linux-gnu/libc.so.6
allocFromIonMemory                                libcfdpP.o
alphasort64                                       /lib/x86_64-linux-gnu/libc.so.6
alphasort64@@GLIBC_2.2.5                          /lib/x86_64-linux-gnu/libc.so.6
alphasort64@GLIBC_2.2.5                           /lib/x86_64-linux-gnu/libc.so.6
arch_prctl                                        /lib/x86_64-linux-gnu/libc.so.6
arch_prctl@@GLIBC_2.2.5                           /lib/x86_64-linux-gnu/libc.so.6
arch_prctl@GLIBC_2.2.5                            /lib/x86_64-linux-gnu/libc.so.6
argp_error                                        /lib/x86_64-linux-gnu/libc.so.6
argp_error@@GLIBC_2.2.5                           /lib/x86_64-linux-gnu/libc.so.6
argp_error@GLIBC_2.2.5                            /lib/x86_64-linux-gnu/libc.so.6
argp_failure                                      /lib/x86_64-linux-gnu/libc.so.6
argp_failure@@GLIBC_2.2.5                         /lib/x86_64-linux-gnu/libc.so.6
argp_failure@GLIBC_2.2.5                          /lib/x86_64-linux-gnu/libc.so.6
argp_help                                         /lib/x86_64-linux-gnu/libc.so.6
argp_help@@GLIBC_2.2.5                            /lib/x86_64-linux-gnu/libc.so.6
argp_help@GLIBC_2.2.5                             /lib/x86_64-linux-gnu/libc.so.6
argp_parse                                        /lib/x86_64-linux-gnu/libc.so.6
argp_parse@@GLIBC_2.2.5                           /lib/x86_64-linux-gnu/libc.so.6
argp_parse@GLIBC_2.2.5                            /lib/x86_64-linux-gnu/libc.so.6
argp_state_help                                   /lib/x86_64-linux-gnu/libc.so.6
argp_state_help@@GLIBC_2.2.5                      /lib/x86_64-linux-gnu/libc.so.6
argp_state_help@GLIBC_2.2.5                       /lib/x86_64-linux-gnu/libc.so.6
argp_usage                                        /lib/x86_64-linux-gnu/libc.so.6
argp_usage@@GLIBC_2.2.5                           /lib/x86_64-linux-gnu/libc.so.6
argp_usage@GLIBC_2.2.5                            /lib/x86_64-linux-gnu/libc.so.6
argz_add                                          /lib/x86_64-linux-gnu/libc.so.6
argz_add@@GLIBC_2.2.5                             /lib/x86_64-linux-gnu/libc.so.6
argz_add@GLIBC_2.2.5                              /lib/x86_64-linux-gnu/libc.so.6
argz_add_sep                                      /lib/x86_64-linux-gnu/libc.so.6
argz_add_sep@@GLIBC_2.2.5                         /lib/x86_64-linux-gnu/libc.so.6
argz_add_sep@GLIBC_2.2.5                          /lib/x86_64-linux-gnu/libc.so.6
argz_append                                       /lib/x86_64-linux-gnu/libc.so.6
argz_append@@GLIBC_2.2.5                          /lib/x86_64-linux-gnu/libc.so.6
argz_append@GLIBC_2.2.5                           /lib/x86_64-linux-gnu/libc.so.6
argz_count                                        /lib/x86_64-linux-gnu/libc.so.6
argz_count@@GLIBC_2.2.5                           /lib/x86_64-linux-gnu/libc.so.6
argz_count@GLIBC_2.2.5                            /lib/x86_64-linux-gnu/libc.so.6
argz_create                                       /lib/x86_64-linux-gnu/libc.so.6
argz_create@@GLIBC_2.2.5                          /lib/x86_64-linux-gnu/libc.so.6
argz_create@GLIBC_2.2.5                           /lib/x86_64-linux-gnu/libc.so.6
argz_create_sep                                   /lib/x86_64-linux-gnu/libc.so.6
argz_create_sep@@GLIBC_2.2.5                      /lib/x86_64-linux-gnu/libc.so.6
argz_create_sep@GLIBC_2.2.5                       /lib/x86_64-linux-gnu/libc.so.6
argz_extract                                      /lib/x86_64-linux-gnu/libc.so.6
argz_extract@@GLIBC_2.2.5                         /lib/x86_64-linux-gnu/libc.so.6
argz_extract@GLIBC_2.2.5                          /lib/x86_64-linux-gnu/libc.so.6
argz_insert                                       /lib/x86_64-linux-gnu/libc.so.6
argz_insert@@GLIBC_2.2.5                          /lib/x86_64-linux-gnu/libc.so.6
argz_insert@GLIBC_2.2.5                           /lib/x86_64-linux-gnu/libc.so.6
argz_next                                         /lib/x86_64-linux-gnu/libc.so.6
argz_next@@GLIBC_2.2.5                            /lib/x86_64-linux-gnu/libc.so.6
argz_next@GLIBC_2.2.5                             /lib/x86_64-linux-gnu/libc.so.6
argz_replace                                      /lib/x86_64-linux-gnu/libc.so.6
argz_replace@@GLIBC_2.2.5                         /lib/x86_64-linux-gnu/libc.so.6
argz_replace@GLIBC_2.2.5                          /lib/x86_64-linux-gnu/libc.so.6
argz_stringify                                    /lib/x86_64-linux-gnu/libc.so.6
argz_stringify@@GLIBC_2.2.5                       /lib/x86_64-linux-gnu/libc.so.6
argz_stringify@GLIBC_2.2.5                        /lib/x86_64-linux-gnu/libc.so.6
asctime_r                                         /lib/x86_64-linux-gnu/libc.so.6
asctime_r@@GLIBC_2.2.5                            /lib/x86_64-linux-gnu/libc.so.6
asctime_r@GLIBC_2.2.5                             /lib/x86_64-linux-gnu/libc.so.6
asprintf                                          /lib/x86_64-linux-gnu/libc.so.6
asprintf@@GLIBC_2.2.5                             /lib/x86_64-linux-gnu/libc.so.6
asprintf@GLIBC_2.2.5                              /lib/x86_64-linux-gnu/libc.so.6
backtrace                                         /lib/x86_64-linux-gnu/libc.so.6
backtrace@@GLIBC_2.2.5                            /lib/x86_64-linux-gnu/libc.so.6
backtrace@GLIBC_2.2.5                             /lib/x86_64-linux-gnu/libc.so.6
backtrace_symbols                                 /lib/x86_64-linux-gnu/libc.so.6
backtrace_symbols@@GLIBC_2.2.5                    /lib/x86_64-linux-gnu/libc.so.6
backtrace_symbols@GLIBC_2.2.5                     /lib/x86_64-linux-gnu/libc.so.6
backtrace_symbols_fd                              /lib/x86_64-linux-gnu/libc.so.6
backtrace_symbols_fd@@GLIBC_2.2.5                 /lib/x86_64-linux-gnu/libc.so.6
backtrace_symbols_fd@GLIBC_2.2.5                  /lib/x86_64-linux-gnu/libc.so.6
basename                                          /lib/x86_64-linux-gnu/libc.so.6
basename@@GLIBC_2.2.5                             /lib/x86_64-linux-gnu/libc.so.6
basename@GLIBC_2.2.5                              /lib/x86_64-linux-gnu/libc.so.6
bcmp                                              /lib/x86_64-linux-gnu/libc.so.6
bcmp@@GLIBC_2.2.5                                 /lib/x86_64-linux-gnu/libc.so.6
bcmp@GLIBC_2.2.5                                  /lib/x86_64-linux-gnu/libc.so.6
bind                                              /lib/x86_64-linux-gnu/libc.so.6
bind@@GLIBC_2.2.5                                 /lib/x86_64-linux-gnu/libc.so.6
bind@GLIBC_2.2.5                                  /lib/x86_64-linux-gnu/libc.so.6
bind_textdomain_codeset                           /lib/x86_64-linux-gnu/libc.so.6
bind_textdomain_codeset@@GLIBC_2.2.5              /lib/x86_64-linux-gnu/libc.so.6
bind_textdomain_codeset@GLIBC_2.2.5               /lib/x86_64-linux-gnu/libc.so.6
bindtextdomain                                    /lib/x86_64-linux-gnu/libc.so.6
bindtextdomain@@GLIBC_2.2.5                       /lib/x86_64-linux-gnu/libc.so.6
bindtextdomain@GLIBC_2.2.5                        /lib/x86_64-linux-gnu/libc.so.6
brk                                               /lib/x86_64-linux-gnu/libc.so.6
brk@@GLIBC_2.2.5                                  /lib/x86_64-linux-gnu/libc.so.6
brk@GLIBC_2.2.5                                   /lib/x86_64-linux-gnu/libc.so.6
bsd_signal                                        /lib/x86_64-linux-gnu/libc.so.6
bsd_signal@@GLIBC_2.2.5                           /lib/x86_64-linux-gnu/libc.so.6
bsd_signal@GLIBC_2.2.5                            /lib/x86_64-linux-gnu/libc.so.6
btowc                                             /lib/x86_64-linux-gnu/libc.so.6
btowc@@GLIBC_2.2.5                                /lib/x86_64-linux-gnu/libc.so.6
btowc@GLIBC_2.2.5                                 /lib/x86_64-linux-gnu/libc.so.6
bzero                                             /lib/x86_64-linux-gnu/libc.so.6
bzero@@GLIBC_2.2.5                                /lib/x86_64-linux-gnu/libc.so.6
bzero@GLIBC_2.2.5                                 /lib/x86_64-linux-gnu/libc.so.6
c32rtomb                                          /lib/x86_64-linux-gnu/libc.so.6
c32rtomb@@GLIBC_2.16                              /lib/x86_64-linux-gnu/libc.so.6
c32rtomb@GLIBC_2.16                               /lib/x86_64-linux-gnu/libc.so.6
calloc                                            /lib/x86_64-linux-gnu/libc.so.6
calloc@@GLIBC_2.2.5                               /lib/x86_64-linux-gnu/libc.so.6
calloc@GLIBC_2.2.5                                /lib/x86_64-linux-gnu/libc.so.6
cancelOutFdu                                      libcfdpP.o
                                                  libcfdp.o
canonicalize_file_name                            /lib/x86_64-linux-gnu/libc.so.6
canonicalize_file_name@@GLIBC_2.2.5               /lib/x86_64-linux-gnu/libc.so.6
canonicalize_file_name@GLIBC_2.2.5                /lib/x86_64-linux-gnu/libc.so.6
cfdpAttach                                        libcfdpP.o
                                                  libcfdp.o
cfdpDequeueOutboundPdu                            libcfdpP.o
cfdpDetach                                        libcfdpP.o
                                                  libcfdp.o
cfdpDropVdb                                       libcfdpP.o
cfdpHandleInboundPdu                              libcfdpP.o
cfdpInit                                          libcfdpP.o
cfdpRaiseVdb                                      libcfdpP.o
cfdpScrub                                         libcfdpP.o
cfdp_add_fsreq                                    libcfdp.o
cfdp_add_usrmsg                                   libcfdp.o
                                                  libcfdpops.o
cfdp_attach                                       libcfdp.o
cfdp_cancel                                       libcfdp.o
                                                  libcfdpops.o
cfdp_compress_number                              libcfdp.o
                                                  libcfdpP.o
cfdp_create_fsreq_list                            libcfdp.o
                                                  libcfdpops.o
cfdp_create_usrmsg_list                           libcfdp.o
                                                  libcfdpops.o
cfdp_decompress_number                            libcfdp.o
                                                  libcfdpops.o
                                                  libcfdpP.o
cfdp_destroy_fsreq_list                           libcfdp.o
cfdp_destroy_fsresp_list                          libcfdp.o
cfdp_destroy_usrmsg_list                          libcfdp.o
cfdp_detach                                       libcfdp.o
cfdp_entity_is_started                            libcfdp.o
cfdp_get                                          libcfdpops.o
cfdp_get_event                                    libcfdp.o
cfdp_get_fsreq                                    libcfdp.o
cfdp_get_fsresp                                   libcfdp.o
cfdp_get_usrmsg                                   libcfdp.o
cfdp_interrupt                                    libcfdp.o
cfdp_map                                          libcfdp.o
cfdp_preview                                      libcfdp.o
cfdp_put                                          libcfdp.o
cfdp_read_space_packets                           libcfdp.o
cfdp_read_text_lines                              libcfdp.o
cfdp_report                                       libcfdp.o
cfdp_resume                                       libcfdp.o
cfdp_rls                                          libcfdpops.o
cfdp_rput                                         libcfdpops.o
cfdp_rput_cancel                                  libcfdpops.o
cfdp_suspend                                      libcfdp.o
cfdp_update_checksum                              libcfdp.o
cfdp_working_directory                            libcfdp.o
cfree                                             /lib/x86_64-linux-gnu/libc.so.6
cfree@@GLIBC_2.2.5                                /lib/x86_64-linux-gnu/libc.so.6
cfree@GLIBC_2.2.5                                 /lib/x86_64-linux-gnu/libc.so.6
changeEntity                                      libcfdpP.o
chdir                                             /lib/x86_64-linux-gnu/libc.so.6
chdir@@GLIBC_2.2.5                                /lib/x86_64-linux-gnu/libc.so.6
chdir@GLIBC_2.2.5                                 /lib/x86_64-linux-gnu/libc.so.6
checkFile                                         libcfdpP.o
                                                  libcfdp.o
chmod                                             /lib/x86_64-linux-gnu/libc.so.6
chmod@@GLIBC_2.2.5                                /lib/x86_64-linux-gnu/libc.so.6
chmod@GLIBC_2.2.5                                 /lib/x86_64-linux-gnu/libc.so.6
chown                                             /lib/x86_64-linux-gnu/libc.so.6
chown@@GLIBC_2.2.5                                /lib/x86_64-linux-gnu/libc.so.6
chown@GLIBC_2.2.5                                 /lib/x86_64-linux-gnu/libc.so.6
clearenv                                          /lib/x86_64-linux-gnu/libc.so.6
clearenv@@GLIBC_2.2.5                             /lib/x86_64-linux-gnu/libc.so.6
clearenv@GLIBC_2.2.5                              /lib/x86_64-linux-gnu/libc.so.6
clock_getcpuclockid                               /lib/x86_64-linux-gnu/libc.so.6
clock_getcpuclockid@@GLIBC_2.17                   /lib/x86_64-linux-gnu/libc.so.6
clock_getcpuclockid@GLIBC_2.17                    /lib/x86_64-linux-gnu/libc.so.6
clock_getres                                      /lib/x86_64-linux-gnu/libc.so.6
clock_getres@@GLIBC_2.17                          /lib/x86_64-linux-gnu/libc.so.6
clock_getres@GLIBC_2.17                           /lib/x86_64-linux-gnu/libc.so.6
clock_gettime                                     /lib/x86_64-linux-gnu/libc.so.6
clock_gettime@@GLIBC_2.17                         /lib/x86_64-linux-gnu/libc.so.6
clock_gettime@GLIBC_2.17                          /lib/x86_64-linux-gnu/libc.so.6
clock_nanosleep                                   /lib/x86_64-linux-gnu/libc.so.6
clock_nanosleep@@GLIBC_2.17                       /lib/x86_64-linux-gnu/libc.so.6
clock_nanosleep@GLIBC_2.17                        /lib/x86_64-linux-gnu/libc.so.6
clock_settime                                     /lib/x86_64-linux-gnu/libc.so.6
clock_settime@@GLIBC_2.17                         /lib/x86_64-linux-gnu/libc.so.6
clock_settime@GLIBC_2.17                          /lib/x86_64-linux-gnu/libc.so.6
clone                                             /lib/x86_64-linux-gnu/libc.so.6
clone@@GLIBC_2.2.5                                /lib/x86_64-linux-gnu/libc.so.6
clone@GLIBC_2.2.5                                 /lib/x86_64-linux-gnu/libc.so.6
close                                             /lib/x86_64-linux-gnu/libc.so.6
                                                  libcfdpops.o
                                                  libcfdpP.o
                                                  libcfdp.o
close@@GLIBC_2.2.5                                /lib/x86_64-linux-gnu/libc.so.6
close@GLIBC_2.2.5                                 /lib/x86_64-linux-gnu/libc.so.6
closedir                                          /lib/x86_64-linux-gnu/libc.so.6
                                                  libcfdpops.o
closedir@@GLIBC_2.2.5                             /lib/x86_64-linux-gnu/libc.so.6
closedir@GLIBC_2.2.5                              /lib/x86_64-linux-gnu/libc.so.6
completeInFdu                                     libcfdpP.o
                                                  libcfdp.o
connect                                           /lib/x86_64-linux-gnu/libc.so.6
connect@@GLIBC_2.2.5                              /lib/x86_64-linux-gnu/libc.so.6
connect@GLIBC_2.2.5                               /lib/x86_64-linux-gnu/libc.so.6
copysign                                          /lib/x86_64-linux-gnu/libc.so.6
copysign@@GLIBC_2.2.5                             /lib/x86_64-linux-gnu/libc.so.6
copysign@GLIBC_2.2.5                              /lib/x86_64-linux-gnu/libc.so.6
copysignf                                         /lib/x86_64-linux-gnu/libc.so.6
copysignf@@GLIBC_2.2.5                            /lib/x86_64-linux-gnu/libc.so.6
copysignf@GLIBC_2.2.5                             /lib/x86_64-linux-gnu/libc.so.6
copysignl                                         /lib/x86_64-linux-gnu/libc.so.6
copysignl@@GLIBC_2.2.5                            /lib/x86_64-linux-gnu/libc.so.6
copysignl@GLIBC_2.2.5                             /lib/x86_64-linux-gnu/libc.so.6
creat64                                           /lib/x86_64-linux-gnu/libc.so.6
creat64@@GLIBC_2.2.5                              /lib/x86_64-linux-gnu/libc.so.6
creat64@GLIBC_2.2.5                               /lib/x86_64-linux-gnu/libc.so.6
createFDU                                         libcfdp.o
                                                  libcfdpops.o
createMetadataList                                libcfdpP.o
                                                  libcfdp.o
daylight                                          /lib/x86_64-linux-gnu/libc.so.6
daylight@@GLIBC_2.2.5                             /lib/x86_64-linux-gnu/libc.so.6
daylight@GLIBC_2.2.5                              /lib/x86_64-linux-gnu/libc.so.6
dcgettext                                         /lib/x86_64-linux-gnu/libc.so.6
dcgettext@@GLIBC_2.2.5                            /lib/x86_64-linux-gnu/libc.so.6
dcgettext@GLIBC_2.2.5                             /lib/x86_64-linux-gnu/libc.so.6
dcngettext                                        /lib/x86_64-linux-gnu/libc.so.6
dcngettext@@GLIBC_2.2.5                           /lib/x86_64-linux-gnu/libc.so.6
dcngettext@GLIBC_2.2.5                            /lib/x86_64-linux-gnu/libc.so.6
destroyFsreqList                                  libcfdpP.o
                                                  libcfdp.o
destroyFsrespList                                 libcfdpP.o
                                                  libcfdp.o
destroyInFdu                                      libcfdpP.o
destroyOutFdu                                     libcfdpP.o
destroyUsrmsgList                                 libcfdpP.o
                                                  libcfdp.o
dgettext                                          /lib/x86_64-linux-gnu/libc.so.6
dgettext@@GLIBC_2.2.5                             /lib/x86_64-linux-gnu/libc.so.6
dgettext@GLIBC_2.2.5                              /lib/x86_64-linux-gnu/libc.so.6
dl_iterate_phdr                                   /lib/x86_64-linux-gnu/libc.so.6
dl_iterate_phdr@@GLIBC_2.2.5                      /lib/x86_64-linux-gnu/libc.so.6
dl_iterate_phdr@GLIBC_2.2.5                       /lib/x86_64-linux-gnu/libc.so.6
dngettext                                         /lib/x86_64-linux-gnu/libc.so.6
dngettext@@GLIBC_2.2.5                            /lib/x86_64-linux-gnu/libc.so.6
dngettext@GLIBC_2.2.5                             /lib/x86_64-linux-gnu/libc.so.6
dup                                               /lib/x86_64-linux-gnu/libc.so.6
dup2                                              /lib/x86_64-linux-gnu/libc.so.6
dup2@@GLIBC_2.2.5                                 /lib/x86_64-linux-gnu/libc.so.6
dup2@GLIBC_2.2.5                                  /lib/x86_64-linux-gnu/libc.so.6
dup3                                              /lib/x86_64-linux-gnu/libc.so.6
dup3@@GLIBC_2.9                                   /lib/x86_64-linux-gnu/libc.so.6
dup3@GLIBC_2.9                                    /lib/x86_64-linux-gnu/libc.so.6
dup@@GLIBC_2.2.5                                  /lib/x86_64-linux-gnu/libc.so.6
dup@GLIBC_2.2.5                                   /lib/x86_64-linux-gnu/libc.so.6
duplocale                                         /lib/x86_64-linux-gnu/libc.so.6
duplocale@@GLIBC_2.3                              /lib/x86_64-linux-gnu/libc.so.6
duplocale@GLIBC_2.3                               /lib/x86_64-linux-gnu/libc.so.6
eaccess                                           /lib/x86_64-linux-gnu/libc.so.6
eaccess@@GLIBC_2.4                                /lib/x86_64-linux-gnu/libc.so.6
eaccess@GLIBC_2.4                                 /lib/x86_64-linux-gnu/libc.so.6
ecvt_r                                            /lib/x86_64-linux-gnu/libc.so.6
ecvt_r@@GLIBC_2.2.5                               /lib/x86_64-linux-gnu/libc.so.6
ecvt_r@GLIBC_2.2.5                                /lib/x86_64-linux-gnu/libc.so.6
endmntent                                         /lib/x86_64-linux-gnu/libc.so.6
endmntent@@GLIBC_2.2.5                            /lib/x86_64-linux-gnu/libc.so.6
endmntent@GLIBC_2.2.5                             /lib/x86_64-linux-gnu/libc.so.6
endttyent                                         /lib/x86_64-linux-gnu/libc.so.6
endttyent@@GLIBC_2.2.5                            /lib/x86_64-linux-gnu/libc.so.6
endttyent@GLIBC_2.2.5                             /lib/x86_64-linux-gnu/libc.so.6
endutent                                          /lib/x86_64-linux-gnu/libc.so.6
endutent@@GLIBC_2.2.5                             /lib/x86_64-linux-gnu/libc.so.6
endutent@GLIBC_2.2.5                              /lib/x86_64-linux-gnu/libc.so.6
enqueueCfdpEvent                                  libcfdpP.o
                                                  libcfdp.o
environ                                           /lib/x86_64-linux-gnu/libc.so.6
environ@@GLIBC_2.2.5                              /lib/x86_64-linux-gnu/libc.so.6
environ@GLIBC_2.2.5                               /lib/x86_64-linux-gnu/libc.so.6
erand48_r                                         /lib/x86_64-linux-gnu/libc.so.6
erand48_r@@GLIBC_2.2.5                            /lib/x86_64-linux-gnu/libc.so.6
erand48_r@GLIBC_2.2.5                             /lib/x86_64-linux-gnu/libc.so.6
error                                             /lib/x86_64-linux-gnu/libc.so.6
error@@GLIBC_2.2.5                                /lib/x86_64-linux-gnu/libc.so.6
error@GLIBC_2.2.5                                 /lib/x86_64-linux-gnu/libc.so.6
error_at_line                                     /lib/x86_64-linux-gnu/libc.so.6
error_at_line@@GLIBC_2.2.5                        /lib/x86_64-linux-gnu/libc.so.6
error_at_line@GLIBC_2.2.5                         /lib/x86_64-linux-gnu/libc.so.6
euidaccess                                        /lib/x86_64-linux-gnu/libc.so.6
euidaccess@@GLIBC_2.2.5                           /lib/x86_64-linux-gnu/libc.so.6
euidaccess@GLIBC_2.2.5                            /lib/x86_64-linux-gnu/libc.so.6
execve                                            /lib/x86_64-linux-gnu/libc.so.6
execve@@GLIBC_2.2.5                               /lib/x86_64-linux-gnu/libc.so.6
execve@GLIBC_2.2.5                                /lib/x86_64-linux-gnu/libc.so.6
execvpe                                           /lib/x86_64-linux-gnu/libc.so.6
execvpe@@GLIBC_2.11                               /lib/x86_64-linux-gnu/libc.so.6
execvpe@GLIBC_2.11                                /lib/x86_64-linux-gnu/libc.so.6
fchdir                                            /lib/x86_64-linux-gnu/libc.so.6
fchdir@@GLIBC_2.2.5                               /lib/x86_64-linux-gnu/libc.so.6
fchdir@GLIBC_2.2.5                                /lib/x86_64-linux-gnu/libc.so.6
fchmod                                            /lib/x86_64-linux-gnu/libc.so.6
fchmod@@GLIBC_2.2.5                               /lib/x86_64-linux-gnu/libc.so.6
fchmod@GLIBC_2.2.5                                /lib/x86_64-linux-gnu/libc.so.6
fchown                                            /lib/x86_64-linux-gnu/libc.so.6
fchown@@GLIBC_2.2.5                               /lib/x86_64-linux-gnu/libc.so.6
fchown@GLIBC_2.2.5                                /lib/x86_64-linux-gnu/libc.so.6
fcloseall                                         /lib/x86_64-linux-gnu/libc.so.6
fcloseall@@GLIBC_2.2.5                            /lib/x86_64-linux-gnu/libc.so.6
fcloseall@GLIBC_2.2.5                             /lib/x86_64-linux-gnu/libc.so.6
fcntl                                             /lib/x86_64-linux-gnu/libc.so.6
fcntl@@GLIBC_2.2.5                                /lib/x86_64-linux-gnu/libc.so.6
fcntl@GLIBC_2.2.5                                 /lib/x86_64-linux-gnu/libc.so.6
fcvt_r                                            /lib/x86_64-linux-gnu/libc.so.6
fcvt_r@@GLIBC_2.2.5                               /lib/x86_64-linux-gnu/libc.so.6
fcvt_r@GLIBC_2.2.5                                /lib/x86_64-linux-gnu/libc.so.6
fdopendir                                         /lib/x86_64-linux-gnu/libc.so.6
fdopendir@@GLIBC_2.4                              /lib/x86_64-linux-gnu/libc.so.6
fdopendir@GLIBC_2.4                               /lib/x86_64-linux-gnu/libc.so.6
feof                                              /lib/x86_64-linux-gnu/libc.so.6
feof@@GLIBC_2.2.5                                 /lib/x86_64-linux-gnu/libc.so.6
feof@GLIBC_2.2.5                                  /lib/x86_64-linux-gnu/libc.so.6
ferror                                            /lib/x86_64-linux-gnu/libc.so.6
ferror@@GLIBC_2.2.5                               /lib/x86_64-linux-gnu/libc.so.6
ferror@GLIBC_2.2.5                                /lib/x86_64-linux-gnu/libc.so.6
fflush                                            /lib/x86_64-linux-gnu/libc.so.6
fflush@@GLIBC_2.2.5                               /lib/x86_64-linux-gnu/libc.so.6
fflush@GLIBC_2.2.5                                /lib/x86_64-linux-gnu/libc.so.6
fflush_unlocked                                   /lib/x86_64-linux-gnu/libc.so.6
fflush_unlocked@@GLIBC_2.2.5                      /lib/x86_64-linux-gnu/libc.so.6
fflush_unlocked@GLIBC_2.2.5                       /lib/x86_64-linux-gnu/libc.so.6
ffsl                                              /lib/x86_64-linux-gnu/libc.so.6
ffsl@@GLIBC_2.2.5                                 /lib/x86_64-linux-gnu/libc.so.6
ffsl@GLIBC_2.2.5                                  /lib/x86_64-linux-gnu/libc.so.6
fgetc                                             /lib/x86_64-linux-gnu/libc.so.6
fgetc@@GLIBC_2.2.5                                /lib/x86_64-linux-gnu/libc.so.6
fgetc@GLIBC_2.2.5                                 /lib/x86_64-linux-gnu/libc.so.6
fgetc_unlocked                                    /lib/x86_64-linux-gnu/libc.so.6
fgetc_unlocked@@GLIBC_2.2.5                       /lib/x86_64-linux-gnu/libc.so.6
fgetc_unlocked@GLIBC_2.2.5                        /lib/x86_64-linux-gnu/libc.so.6
fgetgrent_r                                       /lib/x86_64-linux-gnu/libc.so.6
fgetgrent_r@@GLIBC_2.2.5                          /lib/x86_64-linux-gnu/libc.so.6
fgetgrent_r@GLIBC_2.2.5                           /lib/x86_64-linux-gnu/libc.so.6
fgetpwent_r                                       /lib/x86_64-linux-gnu/libc.so.6
fgetpwent_r@@GLIBC_2.2.5                          /lib/x86_64-linux-gnu/libc.so.6
fgetpwent_r@GLIBC_2.2.5                           /lib/x86_64-linux-gnu/libc.so.6
fgets                                             /lib/x86_64-linux-gnu/libc.so.6
fgets@@GLIBC_2.2.5                                /lib/x86_64-linux-gnu/libc.so.6
fgets@GLIBC_2.2.5                                 /lib/x86_64-linux-gnu/libc.so.6
fgets_unlocked                                    /lib/x86_64-linux-gnu/libc.so.6
fgets_unlocked@@GLIBC_2.2.5                       /lib/x86_64-linux-gnu/libc.so.6
fgets_unlocked@GLIBC_2.2.5                        /lib/x86_64-linux-gnu/libc.so.6
fgetsgent_r                                       /lib/x86_64-linux-gnu/libc.so.6
fgetsgent_r@@GLIBC_2.10                           /lib/x86_64-linux-gnu/libc.so.6
fgetsgent_r@GLIBC_2.10                            /lib/x86_64-linux-gnu/libc.so.6
fgetspent_r                                       /lib/x86_64-linux-gnu/libc.so.6
fgetspent_r@@GLIBC_2.2.5                          /lib/x86_64-linux-gnu/libc.so.6
fgetspent_r@GLIBC_2.2.5                           /lib/x86_64-linux-gnu/libc.so.6
fgetwc                                            /lib/x86_64-linux-gnu/libc.so.6
fgetwc@@GLIBC_2.2.5                               /lib/x86_64-linux-gnu/libc.so.6
fgetwc@GLIBC_2.2.5                                /lib/x86_64-linux-gnu/libc.so.6
fgetwc_unlocked                                   /lib/x86_64-linux-gnu/libc.so.6
fgetwc_unlocked@@GLIBC_2.2.5                      /lib/x86_64-linux-gnu/libc.so.6
fgetwc_unlocked@GLIBC_2.2.5                       /lib/x86_64-linux-gnu/libc.so.6
fileno                                            /lib/x86_64-linux-gnu/libc.so.6
fileno@@GLIBC_2.2.5                               /lib/x86_64-linux-gnu/libc.so.6
fileno@GLIBC_2.2.5                                /lib/x86_64-linux-gnu/libc.so.6
fileno_unlocked                                   /lib/x86_64-linux-gnu/libc.so.6
fileno_unlocked@@GLIBC_2.2.5                      /lib/x86_64-linux-gnu/libc.so.6
fileno_unlocked@GLIBC_2.2.5                       /lib/x86_64-linux-gnu/libc.so.6
findEntity                                        libcfdpP.o
                                                  libcfdpops.o
findInFdu                                         libcfdpP.o
                                                  libcfdp.o
findOutFdu                                        libcfdpP.o
                                                  libcfdp.o
finite                                            /lib/x86_64-linux-gnu/libc.so.6
finite@@GLIBC_2.2.5                               /lib/x86_64-linux-gnu/libc.so.6
finite@GLIBC_2.2.5                                /lib/x86_64-linux-gnu/libc.so.6
finitef                                           /lib/x86_64-linux-gnu/libc.so.6
finitef@@GLIBC_2.2.5                              /lib/x86_64-linux-gnu/libc.so.6
finitef@GLIBC_2.2.5                               /lib/x86_64-linux-gnu/libc.so.6
finitel                                           /lib/x86_64-linux-gnu/libc.so.6
finitel@@GLIBC_2.2.5                              /lib/x86_64-linux-gnu/libc.so.6
finitel@GLIBC_2.2.5                               /lib/x86_64-linux-gnu/libc.so.6
flock                                             /lib/x86_64-linux-gnu/libc.so.6
flock@@GLIBC_2.2.5                                /lib/x86_64-linux-gnu/libc.so.6
flock@GLIBC_2.2.5                                 /lib/x86_64-linux-gnu/libc.so.6
flockfile                                         /lib/x86_64-linux-gnu/libc.so.6
flockfile@@GLIBC_2.2.5                            /lib/x86_64-linux-gnu/libc.so.6
flockfile@GLIBC_2.2.5                             /lib/x86_64-linux-gnu/libc.so.6
fopen64                                           /lib/x86_64-linux-gnu/libc.so.6
fopen64@@GLIBC_2.2.5                              /lib/x86_64-linux-gnu/libc.so.6
fopen64@GLIBC_2.2.5                               /lib/x86_64-linux-gnu/libc.so.6
fork                                              /lib/x86_64-linux-gnu/libc.so.6
fork@@GLIBC_2.2.5                                 /lib/x86_64-linux-gnu/libc.so.6
fork@GLIBC_2.2.5                                  /lib/x86_64-linux-gnu/libc.so.6
fpathconf                                         /lib/x86_64-linux-gnu/libc.so.6
fpathconf@@GLIBC_2.2.5                            /lib/x86_64-linux-gnu/libc.so.6
fpathconf@GLIBC_2.2.5                             /lib/x86_64-linux-gnu/libc.so.6
fputs                                             /lib/x86_64-linux-gnu/libc.so.6
fputs@@GLIBC_2.2.5                                /lib/x86_64-linux-gnu/libc.so.6
fputs@GLIBC_2.2.5                                 /lib/x86_64-linux-gnu/libc.so.6
fputs_unlocked                                    /lib/x86_64-linux-gnu/libc.so.6
fputs_unlocked@@GLIBC_2.2.5                       /lib/x86_64-linux-gnu/libc.so.6
fputs_unlocked@GLIBC_2.2.5                        /lib/x86_64-linux-gnu/libc.so.6
fread                                             /lib/x86_64-linux-gnu/libc.so.6
fread@@GLIBC_2.2.5                                /lib/x86_64-linux-gnu/libc.so.6
fread@GLIBC_2.2.5                                 /lib/x86_64-linux-gnu/libc.so.6
fread_unlocked                                    /lib/x86_64-linux-gnu/libc.so.6
fread_unlocked@@GLIBC_2.2.5                       /lib/x86_64-linux-gnu/libc.so.6
fread_unlocked@GLIBC_2.2.5                        /lib/x86_64-linux-gnu/libc.so.6
freeifaddrs                                       /lib/x86_64-linux-gnu/libc.so.6
freeifaddrs@@GLIBC_2.3                            /lib/x86_64-linux-gnu/libc.so.6
freeifaddrs@GLIBC_2.3                             /lib/x86_64-linux-gnu/libc.so.6
freelocale                                        /lib/x86_64-linux-gnu/libc.so.6
freelocale@@GLIBC_2.3                             /lib/x86_64-linux-gnu/libc.so.6
freelocale@GLIBC_2.3                              /lib/x86_64-linux-gnu/libc.so.6
frexp                                             /lib/x86_64-linux-gnu/libc.so.6
frexp@@GLIBC_2.2.5                                /lib/x86_64-linux-gnu/libc.so.6
frexp@GLIBC_2.2.5                                 /lib/x86_64-linux-gnu/libc.so.6
frexpf                                            /lib/x86_64-linux-gnu/libc.so.6
frexpf@@GLIBC_2.2.5                               /lib/x86_64-linux-gnu/libc.so.6
frexpf@GLIBC_2.2.5                                /lib/x86_64-linux-gnu/libc.so.6
frexpl                                            /lib/x86_64-linux-gnu/libc.so.6
frexpl@@GLIBC_2.2.5                               /lib/x86_64-linux-gnu/libc.so.6
frexpl@GLIBC_2.2.5                                /lib/x86_64-linux-gnu/libc.so.6
fseeko64                                          /lib/x86_64-linux-gnu/libc.so.6
fseeko64@@GLIBC_2.2.5                             /lib/x86_64-linux-gnu/libc.so.6
fseeko64@GLIBC_2.2.5                              /lib/x86_64-linux-gnu/libc.so.6
fstatfs                                           /lib/x86_64-linux-gnu/libc.so.6
fstatfs64                                         /lib/x86_64-linux-gnu/libc.so.6
fstatfs64@@GLIBC_2.2.5                            /lib/x86_64-linux-gnu/libc.so.6
fstatfs64@GLIBC_2.2.5                             /lib/x86_64-linux-gnu/libc.so.6
fstatfs@@GLIBC_2.2.5                              /lib/x86_64-linux-gnu/libc.so.6
fstatfs@GLIBC_2.2.5                               /lib/x86_64-linux-gnu/libc.so.6
fstatvfs                                          /lib/x86_64-linux-gnu/libc.so.6
fstatvfs64                                        /lib/x86_64-linux-gnu/libc.so.6
fstatvfs64@@GLIBC_2.2.5                           /lib/x86_64-linux-gnu/libc.so.6
fstatvfs64@GLIBC_2.2.5                            /lib/x86_64-linux-gnu/libc.so.6
fstatvfs@@GLIBC_2.2.5                             /lib/x86_64-linux-gnu/libc.so.6
fstatvfs@GLIBC_2.2.5                              /lib/x86_64-linux-gnu/libc.so.6
fsync                                             /lib/x86_64-linux-gnu/libc.so.6
fsync@@GLIBC_2.2.5                                /lib/x86_64-linux-gnu/libc.so.6
fsync@GLIBC_2.2.5                                 /lib/x86_64-linux-gnu/libc.so.6
ftell                                             /lib/x86_64-linux-gnu/libc.so.6
ftell@@GLIBC_2.2.5                                /lib/x86_64-linux-gnu/libc.so.6
ftell@GLIBC_2.2.5                                 /lib/x86_64-linux-gnu/libc.so.6
ftello                                            /lib/x86_64-linux-gnu/libc.so.6
ftello64                                          /lib/x86_64-linux-gnu/libc.so.6
ftello64@@GLIBC_2.2.5                             /lib/x86_64-linux-gnu/libc.so.6
ftello64@GLIBC_2.2.5                              /lib/x86_64-linux-gnu/libc.so.6
ftello@@GLIBC_2.2.5                               /lib/x86_64-linux-gnu/libc.so.6
ftello@GLIBC_2.2.5                                /lib/x86_64-linux-gnu/libc.so.6
ftruncate                                         /lib/x86_64-linux-gnu/libc.so.6
ftruncate64                                       /lib/x86_64-linux-gnu/libc.so.6
ftruncate64@@GLIBC_2.2.5                          /lib/x86_64-linux-gnu/libc.so.6
ftruncate64@GLIBC_2.2.5                           /lib/x86_64-linux-gnu/libc.so.6
ftruncate@@GLIBC_2.2.5                            /lib/x86_64-linux-gnu/libc.so.6
ftruncate@GLIBC_2.2.5                             /lib/x86_64-linux-gnu/libc.so.6
ftrylockfile                                      /lib/x86_64-linux-gnu/libc.so.6
ftrylockfile@@GLIBC_2.2.5                         /lib/x86_64-linux-gnu/libc.so.6
ftrylockfile@GLIBC_2.2.5                          /lib/x86_64-linux-gnu/libc.so.6
fts64_children                                    /lib/x86_64-linux-gnu/libc.so.6
fts64_children@@GLIBC_2.23                        /lib/x86_64-linux-gnu/libc.so.6
fts64_children@GLIBC_2.23                         /lib/x86_64-linux-gnu/libc.so.6
fts64_close                                       /lib/x86_64-linux-gnu/libc.so.6
fts64_close@@GLIBC_2.23                           /lib/x86_64-linux-gnu/libc.so.6
fts64_close@GLIBC_2.23                            /lib/x86_64-linux-gnu/libc.so.6
fts64_open                                        /lib/x86_64-linux-gnu/libc.so.6
fts64_open@@GLIBC_2.23                            /lib/x86_64-linux-gnu/libc.so.6
fts64_open@GLIBC_2.23                             /lib/x86_64-linux-gnu/libc.so.6
fts64_read                                        /lib/x86_64-linux-gnu/libc.so.6
fts64_read@@GLIBC_2.23                            /lib/x86_64-linux-gnu/libc.so.6
fts64_read@GLIBC_2.23                             /lib/x86_64-linux-gnu/libc.so.6
fts64_set                                         /lib/x86_64-linux-gnu/libc.so.6
fts64_set@@GLIBC_2.23                             /lib/x86_64-linux-gnu/libc.so.6
fts64_set@GLIBC_2.23                              /lib/x86_64-linux-gnu/libc.so.6
ftw64                                             /lib/x86_64-linux-gnu/libc.so.6
ftw64@@GLIBC_2.2.5                                /lib/x86_64-linux-gnu/libc.so.6
ftw64@GLIBC_2.2.5                                 /lib/x86_64-linux-gnu/libc.so.6
fullyQualified                                    libcfdpP.o
funlockfile                                       /lib/x86_64-linux-gnu/libc.so.6
funlockfile@@GLIBC_2.2.5                          /lib/x86_64-linux-gnu/libc.so.6
funlockfile@GLIBC_2.2.5                           /lib/x86_64-linux-gnu/libc.so.6
futimes                                           /lib/x86_64-linux-gnu/libc.so.6
[...]
tzset@GLIBC_2.2.5                                 /lib/x86_64-linux-gnu/libc.so.6
uToa                                              libcfdpP.o
                                                  libcfdp.o
ulckpwdf                                          /lib/x86_64-linux-gnu/libc.so.6
ulckpwdf@@GLIBC_2.2.5                             /lib/x86_64-linux-gnu/libc.so.6
ulckpwdf@GLIBC_2.2.5                              /lib/x86_64-linux-gnu/libc.so.6
ulimit                                            /lib/x86_64-linux-gnu/libc.so.6
ulimit@@GLIBC_2.2.5                               /lib/x86_64-linux-gnu/libc.so.6
ulimit@GLIBC_2.2.5                                /lib/x86_64-linux-gnu/libc.so.6
umask                                             /lib/x86_64-linux-gnu/libc.so.6
umask@@GLIBC_2.2.5                                /lib/x86_64-linux-gnu/libc.so.6
umask@GLIBC_2.2.5                                 /lib/x86_64-linux-gnu/libc.so.6
umount                                            /lib/x86_64-linux-gnu/libc.so.6
umount2                                           /lib/x86_64-linux-gnu/libc.so.6
umount2@@GLIBC_2.2.5                              /lib/x86_64-linux-gnu/libc.so.6
umount2@GLIBC_2.2.5                               /lib/x86_64-linux-gnu/libc.so.6
umount@@GLIBC_2.2.5                               /lib/x86_64-linux-gnu/libc.so.6
umount@GLIBC_2.2.5                                /lib/x86_64-linux-gnu/libc.so.6
uname                                             /lib/x86_64-linux-gnu/libc.so.6
uname@@GLIBC_2.2.5                                /lib/x86_64-linux-gnu/libc.so.6
uname@GLIBC_2.2.5                                 /lib/x86_64-linux-gnu/libc.so.6
ungetc                                            /lib/x86_64-linux-gnu/libc.so.6
ungetc@@GLIBC_2.2.5                               /lib/x86_64-linux-gnu/libc.so.6
ungetc@GLIBC_2.2.5                                /lib/x86_64-linux-gnu/libc.so.6
unlink                                            /lib/x86_64-linux-gnu/libc.so.6
                                                  libcfdpops.o
                                                  libcfdpP.o
unlink@@GLIBC_2.2.5                               /lib/x86_64-linux-gnu/libc.so.6
unlink@GLIBC_2.2.5                                /lib/x86_64-linux-gnu/libc.so.6
unsetenv                                          /lib/x86_64-linux-gnu/libc.so.6
unsetenv@@GLIBC_2.2.5                             /lib/x86_64-linux-gnu/libc.so.6
unsetenv@GLIBC_2.2.5                              /lib/x86_64-linux-gnu/libc.so.6
updwtmp                                           /lib/x86_64-linux-gnu/libc.so.6
updwtmp@@GLIBC_2.2.5                              /lib/x86_64-linux-gnu/libc.so.6
updwtmp@GLIBC_2.2.5                               /lib/x86_64-linux-gnu/libc.so.6
uselocale                                         /lib/x86_64-linux-gnu/libc.so.6
uselocale@@GLIBC_2.3                              /lib/x86_64-linux-gnu/libc.so.6
uselocale@GLIBC_2.3                               /lib/x86_64-linux-gnu/libc.so.6
utimes                                            /lib/x86_64-linux-gnu/libc.so.6
utimes@@GLIBC_2.2.5                               /lib/x86_64-linux-gnu/libc.so.6
utimes@GLIBC_2.2.5                                /lib/x86_64-linux-gnu/libc.so.6
utmpname                                          /lib/x86_64-linux-gnu/libc.so.6
utmpname@@GLIBC_2.2.5                             /lib/x86_64-linux-gnu/libc.so.6
utmpname@GLIBC_2.2.5                              /lib/x86_64-linux-gnu/libc.so.6
valloc                                            /lib/x86_64-linux-gnu/libc.so.6
valloc@@GLIBC_2.2.5                               /lib/x86_64-linux-gnu/libc.so.6
valloc@GLIBC_2.2.5                                /lib/x86_64-linux-gnu/libc.so.6
vasprintf                                         /lib/x86_64-linux-gnu/libc.so.6
vasprintf@@GLIBC_2.2.5                            /lib/x86_64-linux-gnu/libc.so.6
vasprintf@GLIBC_2.2.5                             /lib/x86_64-linux-gnu/libc.so.6
vdprintf                                          /lib/x86_64-linux-gnu/libc.so.6
vdprintf@@GLIBC_2.2.5                             /lib/x86_64-linux-gnu/libc.so.6
vdprintf@GLIBC_2.2.5                              /lib/x86_64-linux-gnu/libc.so.6
versionsort64                                     /lib/x86_64-linux-gnu/libc.so.6
versionsort64@@GLIBC_2.2.5                        /lib/x86_64-linux-gnu/libc.so.6
versionsort64@GLIBC_2.2.5                         /lib/x86_64-linux-gnu/libc.so.6
vfork                                             /lib/x86_64-linux-gnu/libc.so.6
vfork@@GLIBC_2.2.5                                /lib/x86_64-linux-gnu/libc.so.6
vfork@GLIBC_2.2.5                                 /lib/x86_64-linux-gnu/libc.so.6
vfscanf                                           /lib/x86_64-linux-gnu/libc.so.6
vfscanf@@GLIBC_2.2.5                              /lib/x86_64-linux-gnu/libc.so.6
vfscanf@GLIBC_2.2.5                               /lib/x86_64-linux-gnu/libc.so.6
vfwprintf                                         /lib/x86_64-linux-gnu/libc.so.6
vfwprintf@@GLIBC_2.2.5                            /lib/x86_64-linux-gnu/libc.so.6
vfwprintf@GLIBC_2.2.5                             /lib/x86_64-linux-gnu/libc.so.6
vfwscanf                                          /lib/x86_64-linux-gnu/libc.so.6
vfwscanf@@GLIBC_2.2.5                             /lib/x86_64-linux-gnu/libc.so.6
vfwscanf@GLIBC_2.2.5                              /lib/x86_64-linux-gnu/libc.so.6
vscanf                                            /lib/x86_64-linux-gnu/libc.so.6
vscanf@@GLIBC_2.2.5                               /lib/x86_64-linux-gnu/libc.so.6
vscanf@GLIBC_2.2.5                                /lib/x86_64-linux-gnu/libc.so.6
vsnprintf                                         /lib/x86_64-linux-gnu/libc.so.6
vsnprintf@@GLIBC_2.2.5                            /lib/x86_64-linux-gnu/libc.so.6
vsnprintf@GLIBC_2.2.5                             /lib/x86_64-linux-gnu/libc.so.6
vsprintf                                          /lib/x86_64-linux-gnu/libc.so.6
vsprintf@@GLIBC_2.2.5                             /lib/x86_64-linux-gnu/libc.so.6
vsprintf@GLIBC_2.2.5                              /lib/x86_64-linux-gnu/libc.so.6
vsscanf                                           /lib/x86_64-linux-gnu/libc.so.6
vsscanf@@GLIBC_2.2.5                              /lib/x86_64-linux-gnu/libc.so.6
vsscanf@GLIBC_2.2.5                               /lib/x86_64-linux-gnu/libc.so.6
vswprintf                                         /lib/x86_64-linux-gnu/libc.so.6
vswprintf@@GLIBC_2.2.5                            /lib/x86_64-linux-gnu/libc.so.6
vswprintf@GLIBC_2.2.5                             /lib/x86_64-linux-gnu/libc.so.6
wait                                              /lib/x86_64-linux-gnu/libc.so.6
wait3                                             /lib/x86_64-linux-gnu/libc.so.6
wait3@@GLIBC_2.2.5                                /lib/x86_64-linux-gnu/libc.so.6
wait3@GLIBC_2.2.5                                 /lib/x86_64-linux-gnu/libc.so.6
wait4                                             /lib/x86_64-linux-gnu/libc.so.6
wait4@@GLIBC_2.2.5                                /lib/x86_64-linux-gnu/libc.so.6
wait4@GLIBC_2.2.5                                 /lib/x86_64-linux-gnu/libc.so.6
wait@@GLIBC_2.2.5                                 /lib/x86_64-linux-gnu/libc.so.6
wait@GLIBC_2.2.5                                  /lib/x86_64-linux-gnu/libc.so.6
waitid                                            /lib/x86_64-linux-gnu/libc.so.6
waitid@@GLIBC_2.2.5                               /lib/x86_64-linux-gnu/libc.so.6
waitid@GLIBC_2.2.5                                /lib/x86_64-linux-gnu/libc.so.6
waitpid                                           /lib/x86_64-linux-gnu/libc.so.6
waitpid@@GLIBC_2.2.5                              /lib/x86_64-linux-gnu/libc.so.6
waitpid@GLIBC_2.2.5                               /lib/x86_64-linux-gnu/libc.so.6
wcpcpy                                            /lib/x86_64-linux-gnu/libc.so.6
wcpcpy@@GLIBC_2.2.5                               /lib/x86_64-linux-gnu/libc.so.6
wcpcpy@GLIBC_2.2.5                                /lib/x86_64-linux-gnu/libc.so.6
wcpncpy                                           /lib/x86_64-linux-gnu/libc.so.6
wcpncpy@@GLIBC_2.2.5                              /lib/x86_64-linux-gnu/libc.so.6
wcpncpy@GLIBC_2.2.5                               /lib/x86_64-linux-gnu/libc.so.6
wcrtomb                                           /lib/x86_64-linux-gnu/libc.so.6
wcrtomb@@GLIBC_2.2.5                              /lib/x86_64-linux-gnu/libc.so.6
wcrtomb@GLIBC_2.2.5                               /lib/x86_64-linux-gnu/libc.so.6
wcscasecmp                                        /lib/x86_64-linux-gnu/libc.so.6
wcscasecmp@@GLIBC_2.2.5                           /lib/x86_64-linux-gnu/libc.so.6
wcscasecmp@GLIBC_2.2.5                            /lib/x86_64-linux-gnu/libc.so.6
wcscasecmp_l                                      /lib/x86_64-linux-gnu/libc.so.6
wcscasecmp_l@@GLIBC_2.3                           /lib/x86_64-linux-gnu/libc.so.6
wcscasecmp_l@GLIBC_2.3                            /lib/x86_64-linux-gnu/libc.so.6
wcscat                                            /lib/x86_64-linux-gnu/libc.so.6
wcscat@@GLIBC_2.2.5                               /lib/x86_64-linux-gnu/libc.so.6
wcscat@GLIBC_2.2.5                                /lib/x86_64-linux-gnu/libc.so.6
wcschr                                            /lib/x86_64-linux-gnu/libc.so.6
wcschr@@GLIBC_2.2.5                               /lib/x86_64-linux-gnu/libc.so.6
wcschr@GLIBC_2.2.5                                /lib/x86_64-linux-gnu/libc.so.6
wcschrnul                                         /lib/x86_64-linux-gnu/libc.so.6
wcschrnul@@GLIBC_2.2.5                            /lib/x86_64-linux-gnu/libc.so.6
wcschrnul@GLIBC_2.2.5                             /lib/x86_64-linux-gnu/libc.so.6
wcscmp                                            /lib/x86_64-linux-gnu/libc.so.6
wcscmp@@GLIBC_2.2.5                               /lib/x86_64-linux-gnu/libc.so.6
wcscmp@GLIBC_2.2.5                                /lib/x86_64-linux-gnu/libc.so.6
wcscoll                                           /lib/x86_64-linux-gnu/libc.so.6
wcscoll@@GLIBC_2.2.5                              /lib/x86_64-linux-gnu/libc.so.6
wcscoll@GLIBC_2.2.5                               /lib/x86_64-linux-gnu/libc.so.6
wcscoll_l                                         /lib/x86_64-linux-gnu/libc.so.6
wcscoll_l@@GLIBC_2.3                              /lib/x86_64-linux-gnu/libc.so.6
wcscoll_l@GLIBC_2.3                               /lib/x86_64-linux-gnu/libc.so.6
wcsftime_l                                        /lib/x86_64-linux-gnu/libc.so.6
wcsftime_l@@GLIBC_2.3                             /lib/x86_64-linux-gnu/libc.so.6
wcsftime_l@GLIBC_2.3                              /lib/x86_64-linux-gnu/libc.so.6
wcslen                                            /lib/x86_64-linux-gnu/libc.so.6
wcslen@@GLIBC_2.2.5                               /lib/x86_64-linux-gnu/libc.so.6
wcslen@GLIBC_2.2.5                                /lib/x86_64-linux-gnu/libc.so.6
wcsncasecmp                                       /lib/x86_64-linux-gnu/libc.so.6
wcsncasecmp@@GLIBC_2.2.5                          /lib/x86_64-linux-gnu/libc.so.6
wcsncasecmp@GLIBC_2.2.5                           /lib/x86_64-linux-gnu/libc.so.6
wcsncasecmp_l                                     /lib/x86_64-linux-gnu/libc.so.6
wcsncasecmp_l@@GLIBC_2.3                          /lib/x86_64-linux-gnu/libc.so.6
wcsncasecmp_l@GLIBC_2.3                           /lib/x86_64-linux-gnu/libc.so.6
wcsncpy                                           /lib/x86_64-linux-gnu/libc.so.6
wcsncpy@@GLIBC_2.2.5                              /lib/x86_64-linux-gnu/libc.so.6
wcsncpy@GLIBC_2.2.5                               /lib/x86_64-linux-gnu/libc.so.6
wcsnlen                                           /lib/x86_64-linux-gnu/libc.so.6
wcsnlen@@GLIBC_2.2.5                              /lib/x86_64-linux-gnu/libc.so.6
wcsnlen@GLIBC_2.2.5                               /lib/x86_64-linux-gnu/libc.so.6
wcsnrtombs                                        /lib/x86_64-linux-gnu/libc.so.6
wcsnrtombs@@GLIBC_2.2.5                           /lib/x86_64-linux-gnu/libc.so.6
wcsnrtombs@GLIBC_2.2.5                            /lib/x86_64-linux-gnu/libc.so.6
wcsrtombs                                         /lib/x86_64-linux-gnu/libc.so.6
wcsrtombs@@GLIBC_2.2.5                            /lib/x86_64-linux-gnu/libc.so.6
wcsrtombs@GLIBC_2.2.5                             /lib/x86_64-linux-gnu/libc.so.6
wcstod_l                                          /lib/x86_64-linux-gnu/libc.so.6
wcstod_l@@GLIBC_2.3                               /lib/x86_64-linux-gnu/libc.so.6
wcstod_l@GLIBC_2.3                                /lib/x86_64-linux-gnu/libc.so.6
wcstof_l                                          /lib/x86_64-linux-gnu/libc.so.6
wcstof_l@@GLIBC_2.3                               /lib/x86_64-linux-gnu/libc.so.6
wcstof_l@GLIBC_2.3                                /lib/x86_64-linux-gnu/libc.so.6
wcstol                                            /lib/x86_64-linux-gnu/libc.so.6
wcstol@@GLIBC_2.2.5                               /lib/x86_64-linux-gnu/libc.so.6
wcstol@GLIBC_2.2.5                                /lib/x86_64-linux-gnu/libc.so.6
wcstol_l                                          /lib/x86_64-linux-gnu/libc.so.6
wcstol_l@@GLIBC_2.3                               /lib/x86_64-linux-gnu/libc.so.6
wcstol_l@GLIBC_2.3                                /lib/x86_64-linux-gnu/libc.so.6
wcstold_l                                         /lib/x86_64-linux-gnu/libc.so.6
wcstold_l@@GLIBC_2.3                              /lib/x86_64-linux-gnu/libc.so.6
wcstold_l@GLIBC_2.3                               /lib/x86_64-linux-gnu/libc.so.6
wcstoll                                           /lib/x86_64-linux-gnu/libc.so.6
wcstoll@@GLIBC_2.2.5                              /lib/x86_64-linux-gnu/libc.so.6
wcstoll@GLIBC_2.2.5                               /lib/x86_64-linux-gnu/libc.so.6
wcstoll_l                                         /lib/x86_64-linux-gnu/libc.so.6
wcstoll_l@@GLIBC_2.3                              /lib/x86_64-linux-gnu/libc.so.6
wcstoll_l@GLIBC_2.3                               /lib/x86_64-linux-gnu/libc.so.6
wcstoq                                            /lib/x86_64-linux-gnu/libc.so.6
wcstoq@@GLIBC_2.2.5                               /lib/x86_64-linux-gnu/libc.so.6
wcstoq@GLIBC_2.2.5                                /lib/x86_64-linux-gnu/libc.so.6
wcstoul                                           /lib/x86_64-linux-gnu/libc.so.6
wcstoul@@GLIBC_2.2.5                              /lib/x86_64-linux-gnu/libc.so.6
wcstoul@GLIBC_2.2.5                               /lib/x86_64-linux-gnu/libc.so.6
wcstoul_l                                         /lib/x86_64-linux-gnu/libc.so.6
wcstoul_l@@GLIBC_2.3                              /lib/x86_64-linux-gnu/libc.so.6
wcstoul_l@GLIBC_2.3                               /lib/x86_64-linux-gnu/libc.so.6
wcstoull                                          /lib/x86_64-linux-gnu/libc.so.6
wcstoull@@GLIBC_2.2.5                             /lib/x86_64-linux-gnu/libc.so.6
wcstoull@GLIBC_2.2.5                              /lib/x86_64-linux-gnu/libc.so.6
wcstoull_l                                        /lib/x86_64-linux-gnu/libc.so.6
wcstoull_l@@GLIBC_2.3                             /lib/x86_64-linux-gnu/libc.so.6
wcstoull_l@GLIBC_2.3                              /lib/x86_64-linux-gnu/libc.so.6
wcstouq                                           /lib/x86_64-linux-gnu/libc.so.6
wcstouq@@GLIBC_2.2.5                              /lib/x86_64-linux-gnu/libc.so.6
wcstouq@GLIBC_2.2.5                               /lib/x86_64-linux-gnu/libc.so.6
wcswcs                                            /lib/x86_64-linux-gnu/libc.so.6
wcswcs@@GLIBC_2.2.5                               /lib/x86_64-linux-gnu/libc.so.6
wcswcs@GLIBC_2.2.5                                /lib/x86_64-linux-gnu/libc.so.6
wcsxfrm_l                                         /lib/x86_64-linux-gnu/libc.so.6
wcsxfrm_l@@GLIBC_2.3                              /lib/x86_64-linux-gnu/libc.so.6
wcsxfrm_l@GLIBC_2.3                               /lib/x86_64-linux-gnu/libc.so.6
wctrans                                           /lib/x86_64-linux-gnu/libc.so.6
wctrans@@GLIBC_2.2.5                              /lib/x86_64-linux-gnu/libc.so.6
wctrans@GLIBC_2.2.5                               /lib/x86_64-linux-gnu/libc.so.6
wctrans_l                                         /lib/x86_64-linux-gnu/libc.so.6
wctrans_l@@GLIBC_2.3                              /lib/x86_64-linux-gnu/libc.so.6
wctrans_l@GLIBC_2.3                               /lib/x86_64-linux-gnu/libc.so.6
wctype                                            /lib/x86_64-linux-gnu/libc.so.6
wctype@@GLIBC_2.2.5                               /lib/x86_64-linux-gnu/libc.so.6
wctype@GLIBC_2.2.5                                /lib/x86_64-linux-gnu/libc.so.6
wctype_l                                          /lib/x86_64-linux-gnu/libc.so.6
wctype_l@@GLIBC_2.3                               /lib/x86_64-linux-gnu/libc.so.6
wctype_l@GLIBC_2.3                                /lib/x86_64-linux-gnu/libc.so.6
wmemchr                                           /lib/x86_64-linux-gnu/libc.so.6
wmemchr@@GLIBC_2.2.5                              /lib/x86_64-linux-gnu/libc.so.6
wmemchr@GLIBC_2.2.5                               /lib/x86_64-linux-gnu/libc.so.6
wmemcpy                                           /lib/x86_64-linux-gnu/libc.so.6
wmemcpy@@GLIBC_2.2.5                              /lib/x86_64-linux-gnu/libc.so.6
wmemcpy@GLIBC_2.2.5                               /lib/x86_64-linux-gnu/libc.so.6
wmemmove                                          /lib/x86_64-linux-gnu/libc.so.6
wmemmove@@GLIBC_2.2.5                             /lib/x86_64-linux-gnu/libc.so.6
wmemmove@GLIBC_2.2.5                              /lib/x86_64-linux-gnu/libc.so.6
wmempcpy                                          /lib/x86_64-linux-gnu/libc.so.6
wmempcpy@@GLIBC_2.2.5                             /lib/x86_64-linux-gnu/libc.so.6
wmempcpy@GLIBC_2.2.5                              /lib/x86_64-linux-gnu/libc.so.6
wmemset                                           /lib/x86_64-linux-gnu/libc.so.6
wmemset@@GLIBC_2.2.5                              /lib/x86_64-linux-gnu/libc.so.6
wmemset@GLIBC_2.2.5                               /lib/x86_64-linux-gnu/libc.so.6
write                                             /lib/x86_64-linux-gnu/libc.so.6
                                                  libcfdpops.o
                                                  libcfdpP.o
write@@GLIBC_2.2.5                                /lib/x86_64-linux-gnu/libc.so.6
write@GLIBC_2.2.5                                 /lib/x86_64-linux-gnu/libc.so.6
writeMemo                                         libcfdpP.o
                                                  libcfdp.o
writeMemoNote                                     libcfdpP.o
                                                  libcfdp.o
writev                                            /lib/x86_64-linux-gnu/libc.so.6
writev@@GLIBC_2.2.5                               /lib/x86_64-linux-gnu/libc.so.6
writev@GLIBC_2.2.5                                /lib/x86_64-linux-gnu/libc.so.6
zco_append_extent                                 libcfdpP.o
zco_append_trailer                                libcfdpP.o
zco_create                                        libcfdpP.o
zco_create_file_ref                               libcfdpP.o
zco_destroy                                       libcfdpP.o
zco_destroy_file_ref                              libcfdpP.o
zco_length                                        libcfdpP.o
zco_prepend_header                                libcfdpP.o
zco_receive_source                                libcfdpP.o
zco_start_receiving                               libcfdpP.o
